
═══ L'AURA — l'Orbite dans l'app, deux thèmes ═══

écarts de position > 3 px    0
écarts de style              0
collisions                   0
débordements                 0
présence peinte              1
    [clair] la sphère n'est pas pleine (0.733)
données                      0
les huit acquis              1
    3 · l'élan : vitesse au lâcher 0.00 rad/s (attendu > 1)
densité                      0
air de la colonne            0
la matière                   2
    [sombre] la dalle « le grand plongeoir » est illisible : ΔE 13.5 (plancher 15)
    [clair] la boule est à 76.8 de la page (décidé 85 ± 8)

LES VALEURS MESURÉES — acquis joués en thème sombre
   rangée · natures     5 paroles tenues à moi (promi 2, chiche 1, nuee 2) · la rangée en porte 5 : 155 promi, 150 nuee, 146 nuee, 145 chiche, 141 promi
   air [sombre]         phrase → disques : 2 l. 27.1 · 1 l. 27.7 · 2 l. 27.1 · 1 l. 27.7 · 1 l. 27.7 · à l'encre 2 l. 29.0 · 1 l. 28.0 · libellés → bouton 28.5 · la colonne défile de 129 pt
   matière [sombre]     boule ↔ page 74.2 (décidé 76) · contour 59.5 · dalles : 5 de face, |Δlum| la plus faible 9.4, médiane 33.0 · ΔE 52 14 42 34 23
   air [clair]          phrase → disques : 2 l. 27.1 · 1 l. 27.7 · 2 l. 27.1 · 1 l. 27.7 · 1 l. 27.7 · à l'encre 2 l. 29.0 · 1 l. 28.0 · libellés → bouton 28.5 · la colonne défile de 129 pt
   matière [clair]      boule ↔ page 76.8 (décidé 85) · contour 94.0 · dalles : 5 de face, |Δlum| la plus faible 30.2, médiane 44.6 · ΔE 49 28 41 35 21
   1 · rotation lente   0.0532 rad/s sur 2 s (décidé 0.0524, un tour en 2 min)
   2 · prise, droite    Δlac +0.814 (attendu +0.808) · Δtan +0.000 (attendu +0.000)
   2 · prise, bas       Δlac +0.009 (attendu +0.000) · Δtan -0.538 (attendu -0.538)
   2 · prise, diagonale Δlac -0.600 (attendu -0.606) · Δtan +0.404 (attendu +0.404)
   3 · élan             au lâcher 0.00 rad/s · éteint à 0.0 s · puis 0.0529 rad/s · écart max à la loi 0.0000 rad/s · plus longue image pendant l'élan : 100 ms (dont peintre 26.3 ms), 0 image(s) non échantillonnée(s)
   4 · retour           écart au repos (niveaux) : 39.6 → 33.7 → 28.8 → 18.9 → 9.3 → 0.5 → lisse · DERNIER PAS 0.47 niveau (médiane des 10 d'avant 1.14) · 121 images · empreinte retirée à 3.21 s
   4 · toucher          p 1.000 à 250 ms, 1.000 à 950 ms · sous le doigt 99.7 % des pixels changent, hors de portée 1.89 %, bruit 0.00 % · revenu ≈ 3.2 s après le lâcher, écart au repos 0.00 %
   5 · trace            en attente au lâcher : 1 · 0 → 1 caresse(s), gardée(s) : 1 · au repos, 14.3 % des pixels portent la caresse
   7 · relisse          deux touchers à 120 ms : 0 caresse restante · écart à l'objet neuf 0.000 % des pixels
   6 · comblement       le creux vit 3.59 s lâché sur place, 0.38 s lancé (10 %)
   8 · personne         toucher sur « Marion » → ouvre « Marion », fiche affichée · glissement de 30 pt sur la rangée → n'ouvre rien · glissement de 80 pt sur la sphère → Δlac 1.12 rad, personne d'ouvert
   8 bis · dalle        glissement de 30 pt sur « rapporter le livre » → rien d'ouvert · toucher → fiche affichée (Promi 155, attendu 155) · ✕ → Aura
   croissance           une parole de plus → tour 5 · la dernière dalle finit face à toi, z = 0.933
   6 bis · monde        Studio encre → pixel · 5 dalles, 5 jugées · distance à la plantation / au courant : rapporter le livre 0.000/0.167 · arroser tous les s 0.000/0.114 · monter la serre av 0.000/0.127 · le grand plongeoir 0.000/0.092 · planter un arbre 0.000/0.153

palier 110000 · médiane 13.9 ms · 1534 images · plus longue image pendant l'élan : 100 ms (dont peintre 26.3 ms), 0 image(s) non échantillonnée(s) · sous ×6 : palier peint 110000 pendant qu'on regarde, vise 75000, 2 décision(s) · à la réouverture : palier 75000

❌  4 ÉCARTS
fin rc=1
