
═══ L'AURA — l'Orbite dans l'app, deux thèmes ═══

écarts de position > 3 px    0
écarts de style              0
collisions                   0
débordements                 0
présence peinte              1
    [clair] la sphère n'est pas pleine (0.728)
données                      0
les huit acquis              2
    3 · l'élan : vitesse au lâcher 0.00 rad/s (attendu > 1)
    6 · le lancer ne comble pas : 3.67 s sans lancer, 3.78 s en lançant
densité                      3
    sous ×6, le régulateur n'a pas décidé de céder (vise 110000, médiane 237 ms)
    sous ×6, aucune vise plus basse n'est gardée (vise 110000)
    à la réouverture, le palier (75000) n'a pas pris la vise (110000)
air de la colonne            0
la matière                   3
    [sombre] la dalle « rapporter le livre » est illisible : ΔE 3.6 (plancher 15)
    [clair] la boule est à 76.7 de la page (décidé 85 ± 8)
    [clair] la dalle « rapporter le livre » est illisible : ΔE 6.8 (plancher 15)

LES VALEURS MESURÉES — acquis joués en thème sombre
   rangée · natures     5 paroles tenues à moi (promi 2, chiche 1, nuee 2) · la rangée en porte 5 : 155 promi, 150 nuee, 146 nuee, 145 chiche, 141 promi
   air [sombre]         phrase → disques : 2 l. 27.1 · 1 l. 27.7 · 2 l. 27.1 · 1 l. 27.7 · 1 l. 27.7 · à l'encre 2 l. 29.0 · 1 l. 28.0 · libellés → bouton 28.5 · la colonne défile de 129 pt
   matière [sombre]     boule ↔ page 74.0 (décidé 76) · contour 59.5 · dalles : 5 de face, |Δlum| la plus faible 4.3, médiane 31.4 · ΔE 47 53 93 91 4
   air [clair]          phrase → disques : 2 l. 27.1 · 1 l. 27.7 · 2 l. 27.1 · 1 l. 27.7 · 1 l. 27.7 · à l'encre 2 l. 29.0 · 1 l. 28.0 · libellés → bouton 28.5 · la colonne défile de 129 pt
   matière [clair]      boule ↔ page 76.7 (décidé 85) · contour 94.0 · dalles : 5 de face, |Δlum| la plus faible 9.8, médiane 48.8 · ΔE 45 51 70 68 7
   1 · rotation lente   0.0545 rad/s sur 2 s (décidé 0.0524, un tour en 2 min)
   2 · prise, droite    Δlac +0.814 (attendu +0.808) · Δtan +0.000 (attendu +0.000)
   2 · prise, bas       Δlac +0.006 (attendu +0.000) · Δtan -0.538 (attendu -0.538)
   2 · prise, diagonale Δlac -0.601 (attendu -0.606) · Δtan +0.404 (attendu +0.404)
   3 · élan             au lâcher 0.00 rad/s · éteint à 0.0 s · puis 0.0527 rad/s · écart max à la loi 0.0000 rad/s · plus longue image pendant l'élan : 100 ms (dont peintre 35.3 ms), 0 image(s) non échantillonnée(s)
   4 · retour           écart au repos (niveaux) : 38.5 → 34.0 → 29.4 → 21.6 → 11.9 → 0.8 → lisse · DERNIER PAS 0.83 niveau (médiane des 10 d'avant 3.71) · 55 images · empreinte retirée à 3.10 s
   4 · toucher          p 1.000 à 250 ms, 1.000 à 950 ms · sous le doigt 99.5 % des pixels changent, hors de portée 1.66 %, bruit 0.00 % · revenu ≈ 3.1 s après le lâcher, écart au repos 0.00 %
   5 · trace            en attente au lâcher : 1 · 0 → 1 caresse(s), gardée(s) : 1 · au repos, 14.3 % des pixels portent la caresse
   7 · relisse          deux touchers à 120 ms : 0 caresse restante · écart à l'objet neuf 0.000 % des pixels
   6 · comblement       le creux vit 3.67 s lâché sur place, 3.78 s lancé (103 %)
   8 · personne         toucher sur « Marion » → ouvre « Marion », fiche affichée · glissement de 30 pt sur la rangée → n'ouvre rien · glissement de 80 pt sur la sphère → Δlac 1.09 rad, personne d'ouvert
   8 bis · dalle        glissement de 30 pt sur « rapporter le livre » → rien d'ouvert · toucher → fiche affichée (Promi 155, attendu 155) · ✕ → Aura
   croissance           une parole de plus → tour 5 · la dernière dalle finit face à toi, z = 0.955
   6 bis · monde        Studio encre → pixel · 5 dalles, 5 jugées · distance à la plantation / au courant : rapporter le livre 0.000/0.087 · arroser tous les s 0.000/0.060 · monter la serre av 0.000/0.034 · le grand plongeoir 0.000/0.173 · planter un arbre 0.005/0.047

palier 75000 · médiane 26.2 ms · 912 images · plus longue image pendant l'élan : 100 ms (dont peintre 35.3 ms), 0 image(s) non échantillonnée(s) · sous ×6 : palier peint 110000 pendant qu'on regarde, vise 110000, 1 décision(s) · à la réouverture : palier 75000

❌  9 ÉCARTS
