
═══ L'AURA — l'Orbite dans l'app, deux thèmes ═══

écarts de position > 3 px    0
écarts de style              0
collisions                   0
débordements                 0
présence peinte              1
    [clair] la sphère n'est pas pleine (0.729)
données                      0
les huit acquis              2
    3 · l'élan : vitesse au lâcher 0.00 rad/s (attendu > 1)
    6 · le lancer ne comble pas : 3.55 s sans lancer, 3.50 s en lançant
densité                      3
    sous ×6, le régulateur n'a pas décidé de céder (vise 110000, médiane 185.69999992847443 ms)
    sous ×6, aucune vise plus basse n'est gardée (vise 110000)
    à la réouverture, le palier (75000) n'a pas pris la vise (110000)
air de la colonne            0
la matière                   1
    [sombre] la dalle « planter un arbre » est illisible : ΔE 12.3 (plancher 15)

LES VALEURS MESURÉES — acquis joués en thème sombre
   rangée · natures     5 paroles tenues à moi (promi 2, chiche 1, nuee 2) · la rangée en porte 5 : 139 promi, 134 nuee, 130 nuee, 129 chiche, 125 promi
   air [sombre]         phrase → disques : 2 l. 27.1 · 1 l. 27.7 · 2 l. 27.1 · 1 l. 27.7 · 1 l. 27.7 · à l'encre 2 l. 29.0 · 1 l. 28.0 · libellés → bouton 28.5 · la colonne défile de 129 pt
   matière [sombre]     boule ↔ page 72.4 (décidé 76) · contour 59.5 · dalles : 5 de face, |Δlum| la plus faible 19.5, médiane 20.7 · ΔE 12 58 65 80 38
   air [clair]          phrase → disques : 2 l. 27.1 · 1 l. 27.7 · 2 l. 27.1 · 1 l. 27.7 · 1 l. 27.7 · à l'encre 2 l. 29.0 · 1 l. 28.0 · libellés → bouton 28.5 · la colonne défile de 129 pt
   matière [clair]      boule ↔ page 77.8 (décidé 85) · contour 94.0 · dalles : 5 de face, |Δlum| la plus faible 24.2, médiane 38.1 · ΔE 24 55 55 57 34
   1 · rotation lente   0.0537 rad/s sur 2 s (décidé 0.0524, un tour en 2 min)
   2 · prise, droite    Δlac +0.812 (attendu +0.808) · Δtan +0.000 (attendu +0.000)
   2 · prise, bas       Δlac +0.006 (attendu +0.000) · Δtan -0.538 (attendu -0.538)
   2 · prise, diagonale Δlac -0.602 (attendu -0.606) · Δtan +0.404 (attendu +0.404)
   3 · élan             au lâcher 0.00 rad/s · éteint à 0.0 s · puis 0.0523 rad/s · écart max à la loi 0.0000 rad/s · plus longue image pendant l'élan : 83 ms (dont peintre 20.5 ms), 0 image(s) non échantillonnée(s)
   4 · retour           écart au repos (niveaux) : 39.0 → 34.2 → 29.0 → 21.9 → 11.0 → 0.4 → lisse · DERNIER PAS 0.42 niveau (médiane des 10 d'avant 1.89) · 80 images · empreinte retirée à 3.18 s
   4 · toucher          p 1.000 à 250 ms, 1.000 à 950 ms · sous le doigt 99.5 % des pixels changent, hors de portée 2.49 %, bruit 0.00 % · revenu ≈ 3.2 s après le lâcher, écart au repos 0.00 %
   5 · trace            en attente au lâcher : 1 · 0 → 1 caresse(s), gardée(s) : 1 · au repos, 15.5 % des pixels portent la caresse
   7 · relisse          deux touchers à 120 ms : 0 caresse restante · écart à l'objet neuf 0.000 % des pixels
   6 · comblement       le creux vit 3.55 s lâché sur place, 3.50 s lancé (99 %)
   8 · personne         toucher sur « Marion » → ouvre « Marion », fiche affichée · glissement de 30 pt sur la rangée → n'ouvre rien · glissement de 80 pt sur la sphère → Δlac 1.08 rad, personne d'ouvert
   8 bis · dalle        glissement de 30 pt sur « rapporter le livre » → rien d'ouvert · toucher → fiche affichée (Promi 139, attendu 139) · ✕ → Aura
   croissance           une parole de plus → tour 5 · la dernière dalle finit face à toi, z = 0.958
   6 bis · monde        Studio encre → pixel · 5 dalles, 5 jugées · distance à la plantation / au courant : rapporter le livre 0.000/0.128 · arroser tous les s 0.000/0.102 · monter la serre av 0.000/0.057 · le grand plongeoir 0.000/0.141 · planter un arbre 0.001/0.126

palier 75000 · médiane 24.4 ms · 1058 images · plus longue image pendant l'élan : 83 ms (dont peintre 20.5 ms), 0 image(s) non échantillonnée(s) · sous ×6 : palier peint 110000 pendant qu'on regarde, vise 110000, 1 décision(s) · à la réouverture : palier 75000

❌  7 ÉCARTS
