
═══ L'AURA — l'Orbite dans l'app, deux thèmes ═══

écarts de position > 3 px    0
écarts de style              0
collisions                   0
débordements                 0
présence peinte              1
    [clair] la sphère n'est pas pleine (0.877)
données                      0
les huit acquis              0
densité                      0
air de la colonne            0
la matière                   0

LES VALEURS MESURÉES — acquis joués en thème sombre
   rangée · natures     5 paroles tenues à moi (promi 2, chiche 1, nuee 2) · la rangée en porte 5 : 139 promi, 134 nuee, 130 nuee, 129 chiche, 125 promi
   air [sombre]         phrase → disques : 2 l. 27.1 · 1 l. 27.7 · 2 l. 27.1 · 1 l. 27.7 · 1 l. 27.7 · à l'encre 2 l. 29.0 · 1 l. 28.0 · libellés → bouton 28.5 · la colonne défile de 129 pt
   matière [sombre]     boule ↔ page 76.0 (décidé 76) · contour 59.5 · dalles : 5 de face, |Δlum| la plus faible 29.7, médiane 39.4 · ΔE 52 48 35 38 23
   air [clair]          phrase → disques : 2 l. 27.1 · 1 l. 27.7 · 2 l. 27.1 · 1 l. 27.7 · 1 l. 27.7 · à l'encre 2 l. 29.0 · 1 l. 28.0 · libellés → bouton 28.5 · la colonne défile de 129 pt
   matière [clair]      boule ↔ page 79.4 (décidé 85) · contour 94.5 · dalles : 5 de face, |Δlum| la plus faible 29.6, médiane 49.4 · ΔE 47 40 32 35 20
   1 · rotation lente   0.0528 rad/s sur 2 s (décidé 0.0524, un tour en 2 min)
   2 · prise, droite    Δlac +0.811 (attendu +0.808) · Δtan +0.000 (attendu +0.000)
   2 · prise, bas       Δlac +0.003 (attendu +0.000) · Δtan -0.538 (attendu -0.538)
   2 · prise, diagonale Δlac -0.604 (attendu -0.606) · Δtan +0.404 (attendu +0.404)
   3 · élan             au lâcher 5.68 rad/s · éteint à 4.9 s · puis 0.0524 rad/s · écart max à la loi 0.0000 rad/s · plus longue image pendant l'élan : 83 ms (dont peintre 20.7 ms), 0 image(s) non échantillonnée(s)
   4 · retour           écart au repos (niveaux) : 39.8 → 34.1 → 29.7 → 21.0 → 10.9 → 0.6 → lisse · DERNIER PAS 0.57 niveau (médiane des 10 d'avant 2.16) · 79 images · empreinte retirée à 3.19 s
   4 · toucher          p 1.000 à 250 ms, 1.000 à 950 ms · sous le doigt 99.5 % des pixels changent, hors de portée 2.25 %, bruit 0.00 % · revenu ≈ 3.2 s après le lâcher, écart au repos 0.00 %
   5 · trace            en attente au lâcher : 1 · 0 → 1 caresse(s), gardée(s) : 1 · au repos, 13.8 % des pixels portent la caresse
   7 · relisse          deux touchers à 120 ms : 0 caresse restante · écart à l'objet neuf 0.000 % des pixels
   6 · comblement       le creux vit 3.54 s lâché sur place, 0.71 s lancé (20 %)
   8 · personne         toucher sur « Marion » → ouvre « Marion », fiche affichée · glissement de 30 pt sur la rangée → n'ouvre rien · glissement de 80 pt sur la sphère → Δlac 1.14 rad, personne d'ouvert
   8 bis · dalle        glissement de 30 pt sur « rapporter le livre » → rien d'ouvert · toucher → fiche affichée (Promi 139, attendu 139) · ✕ → Aura
   croissance           une parole de plus → tour 5 · la dernière dalle finit face à toi, z = 0.925
   6 bis · monde        Studio encre → pixel · 5 dalles, 5 jugées · distance à la plantation / au courant : rapporter le livre 0.002/0.077 · arroser tous les s 0.000/0.167 · monter la serre av 0.000/0.094 · le grand plongeoir 0.002/0.202 · planter un arbre 0.009/0.263

palier 75000 · médiane 20.7 ms · 1559 images · plus longue image pendant l'élan : 83 ms (dont peintre 20.7 ms), 0 image(s) non échantillonnée(s) · sous ×6 : palier peint 110000 pendant qu'on regarde, vise 75000, 4 décision(s) · à la réouverture : palier 75000

❌  1 ÉCARTS
