
════ dark
   ✓ l’app déclare la bascule 94,5  94.5
   ✓ fiche · rayon = règle de hauteur (12 champs)  [(64, 32), (92, 46), (118, 30)]
   ✓ fiche · air de l’encre ≥ 14.69  ('min 15.19', [])
   ✓ fiche · note 4 rangées · rayon = règle de hauteur (1 champs)  [(140.5, 30)]
   ✓ fiche · note 4 rangées · air de l’encre ≥ 14.69  ('min 15.67', [])
   ✓ fiche · note 4 rangées · chantier 68 : libellé→texte et texte→visibilité ≥ 10, toutes les lignes montrées  ('rangées', 4, 'h', 140.5, 'libellé→texte', 15, 'texte→visibilité', 14.6, 'tout montré', True)
   ✓ fiche · note 5 rangées · rayon = règle de hauteur (1 champs)  [(163, 30)]
   ✓ fiche · note 5 rangées · air de l’encre ≥ 14.69  ('min 15.19', [])
   ✓ fiche · note 5 rangées · chantier 68 : libellé→texte et texte→visibilité ≥ 10, toutes les lignes montrées  ('rangées', 5, 'h', 163, 'libellé→texte', 15, 'texte→visibilité', 14.6, 'tout montré', True)
   ✓ page + · rayon = règle de hauteur (9 champs)  [(64, 32), (92, 46), (118, 30)]
   ✓ page + · air de l’encre ≥ 14.69  ('min 15.19', [("C'EST IMPORTANT ?", 'non confirmé : recouvert par cbb-lab,csBotBar'), ('LA MÉMOIRE', 'non confirmé : hors cadre')])
   ✓ page + · note 4 rangées · rayon = règle de hauteur (1 champs)  [(140.5, 30)]
   ✓ page + · note 4 rangées · air de l’encre ≥ 14.69  ('min 0.00', [('NOTE', 'non confirmé : recouvert par ')])
   ✓ page + · note 4 rangées · chantier 68 : libellé→texte et texte→visibilité ≥ 10, toutes les lignes montrées  ('rangées', 4, 'h', 140.5, 'libellé→texte', 17, 'texte→visibilité', 14.6, 'tout montré', True)
   ✓ page + · note 5 rangées · rayon = règle de hauteur (1 champs)  [(163, 30)]
   ✓ page + · note 5 rangées · air de l’encre ≥ 14.69  ('min 15.19', [])
   ✓ page + · note 5 rangées · chantier 68 : libellé→texte et texte→visibilité ≥ 10, toutes les lignes montrées  ('rangées', 5, 'h', 163, 'libellé→texte', 17, 'texte→visibilité', 14.6, 'tout montré', True)
   ✓ page + · la zone rebâtie est recalée avant toute image (18 rebâtissages vus)  toutes à 163, trois lignes, tout montré
   ✓ Nuée · rayon = règle de hauteur (6 champs)  [(64, 32), (92, 46), (104, 30), (118, 30)]
   ✓ Nuée · air de l’encre ≥ 14.69  ('min 16.06', [])
   ✓ côte à côte · capturés (pilule 64 / rayon 32 · champ ouvert 140 / rayon 30)  seuil/dark_cote_a_cote.png
   ✓ écran qui vend · trois VRAIES dalles du moteur, Sillons · Gravure · Terrazzo, dans cet ordre  [{'monde': 'sillons', 'id': 155, 'ok': True, 'source': [232, 179], 'pose': [98, 75.6]}, {'monde': 'gravure', 'id': 154, 'ok': True, 'source': [143, 121], 'pose': [98, 82.9]}, {'monde': 'terrazzo', 'id': 153, 'ok': True, 'source': [104, 117], 'pose': [87.1, 98]}]
   ✓ écran qui vend · chaque dalle peinte (≥ 5 % de pixels), à sa cote (24 | 146 | 268, 132, 98 × 98), jamais étirée, les trois différentes  ([('sillons', [24, 132, 98, 98], 21.6), ('gravure', [146, 132, 98, 98], 22.7), ('terrazzo', [268, 132, 98, 98], 39.2)], 'étirées', [])
   ✓ écran qui vend · « 29 € » en grand (Bricolage 700 / 56, à 24 / 276, 342 × 56)  {'t': '29 €', 'r': [24, 276, 342, 56], 'ff': 'Bricolage', 'fw': '700', 'fs': 56}
   ✓ écran qui vend · « Prendre l’année » en premier (386), l’essai de 14 jours VISIBLE dessous (464), sans défiler, au doigt  ({'t': "Prendre l'année", 'r': [24, 386, 342, 62], 'doigt': True}, {'t': 'Essayer 14 jours, puis 3,99 €/mois', 'r': [24, 464, 342, 62], 'doigt': True}, 'défile', 0)
   ✓ écran qui vend · chaque texte se lit (rapport ≥ 4,5, remplissage = couleur, opacité ≥ 72 %)  min 7.20
   ✓ écran qui vend · les deux boutons se voient (fond de l’année, contour de l’essai : écart de luminosité ≥ 42)  (217.2, 217.2)
   ✓ écran qui vend · plus de visuel ni d’explication : visuel, titre, phrase, cinq lignes, ombre de dalle du fond  ([], 'none')
   ✓ écran qui vend · les cotes de la planche (noms 238, sous-prix 342, notes 548 / 574) et la forme du prix, jamais « offert »  ([['Sillons', [24, 238, 98, 16.9]], ['Gravure', [146, 238, 98, 16.9]], ['Terrazzo', [268, 238, 98, 16.9]]], {'t': 'soit 2,42 €/mois · −39 %', 'r': [24, 342, 342, 17.3]}, [548, 574], False)
   ✓ gardé de côté · l’encart mène à l’écran qui vend, par-dessus  ('soi', 'createSheet,plusScreen')
   ✓ Réglages · l’encart mène à l’écran qui vend  ('soi', 'plusScreen')

════ light
   ✓ l’app déclare la bascule 94,5  94.5
   ✓ fiche · rayon = règle de hauteur (12 champs)  [(64, 32), (92, 46), (118, 30)]
   ✓ fiche · air de l’encre ≥ 14.69  ('min 15.19', [])
   ✓ fiche · note 4 rangées · rayon = règle de hauteur (1 champs)  [(140.5, 30)]
   ✓ fiche · note 4 rangées · air de l’encre ≥ 14.69  ('min 15.67', [])
   ✓ fiche · note 4 rangées · chantier 68 : libellé→texte et texte→visibilité ≥ 10, toutes les lignes montrées  ('rangées', 4, 'h', 140.5, 'libellé→texte', 15, 'texte→visibilité', 14.6, 'tout montré', True)
   ✓ fiche · note 5 rangées · rayon = règle de hauteur (1 champs)  [(163, 30)]
   ✓ fiche · note 5 rangées · air de l’encre ≥ 14.69  ('min 15.19', [])
   ✓ fiche · note 5 rangées · chantier 68 : libellé→texte et texte→visibilité ≥ 10, toutes les lignes montrées  ('rangées', 5, 'h', 163, 'libellé→texte', 15, 'texte→visibilité', 14.6, 'tout montré', True)
   … la page + n’a pas ouvert son Peaufiner (essai 1)
   ✓ page + · rayon = règle de hauteur (9 champs)  [(64, 32), (92, 46), (118, 30)]
   ✓ page + · air de l’encre ≥ 14.69  ('min 15.19', [("C'EST IMPORTANT ?", 'non confirmé : recouvert par cbb-lab,csBotBar'), ('LA MÉMOIRE', 'non confirmé : hors cadre')])
   … la page + n’a pas ouvert son Peaufiner (essai 1)
   ✓ page + · note 4 rangées · rayon = règle de hauteur (1 champs)  [(140.5, 30)]
   ✓ page + · note 4 rangées · air de l’encre ≥ 14.69  ('min 15.67', [])
   ✓ page + · note 4 rangées · chantier 68 : libellé→texte et texte→visibilité ≥ 10, toutes les lignes montrées  ('rangées', 4, 'h', 140.5, 'libellé→texte', 17, 'texte→visibilité', 14.6, 'tout montré', True)
   … la page + n’a pas ouvert son Peaufiner (essai 1)
   ✓ page + · note 5 rangées · rayon = règle de hauteur (1 champs)  [(163, 30)]
   ✓ page + · note 5 rangées · air de l’encre ≥ 14.69  ('min 15.19', [])
   ✓ page + · note 5 rangées · chantier 68 : libellé→texte et texte→visibilité ≥ 10, toutes les lignes montrées  ('rangées', 5, 'h', 163, 'libellé→texte', 17, 'texte→visibilité', 14.6, 'tout montré', True)
   ✓ page + · la zone rebâtie est recalée avant toute image (16 rebâtissages vus)  toutes à 163, trois lignes, tout montré
   ✓ Nuée · rayon = règle de hauteur (6 champs)  [(64, 32), (92, 46), (104, 30), (118, 30)]
   ✓ Nuée · air de l’encre ≥ 14.69  ('min 16.06', [])
   ✓ côte à côte · capturés (pilule 64 / rayon 32 · champ ouvert 140 / rayon 30)  seuil/light_cote_a_cote.png
   ✓ écran qui vend · trois VRAIES dalles du moteur, Sillons · Gravure · Terrazzo, dans cet ordre  [{'monde': 'sillons', 'id': 139, 'ok': True, 'source': [168, 156], 'pose': [98, 91]}, {'monde': 'gravure', 'id': 138, 'ok': True, 'source': [138, 136], 'pose': [98, 96.6]}, {'monde': 'terrazzo', 'id': 137, 'ok': True, 'source': [97, 155], 'pose': [61.3, 98]}]
   ✓ écran qui vend · chaque dalle peinte (≥ 5 % de pixels), à sa cote (24 | 146 | 268, 132, 98 × 98), jamais étirée, les trois différentes  ([('sillons', [24, 132, 98, 98], 22.4), ('gravure', [146, 132, 98, 98], 22.8), ('terrazzo', [268, 132, 98, 98], 28.1)], 'étirées', [])
   ✓ écran qui vend · « 29 € » en grand (Bricolage 700 / 56, à 24 / 276, 342 × 56)  {'t': '29 €', 'r': [24, 276, 342, 56], 'ff': 'Bricolage', 'fw': '700', 'fs': 56}
   ✓ écran qui vend · « Prendre l’année » en premier (386), l’essai de 14 jours VISIBLE dessous (464), sans défiler, au doigt  ({'t': "Prendre l'année", 'r': [24, 386, 342, 62], 'doigt': True}, {'t': 'Essayer 14 jours, puis 3,99 €/mois', 'r': [24, 464, 342, 62], 'doigt': True}, 'défile', 0)
   ✓ écran qui vend · chaque texte se lit (rapport ≥ 4,5, remplissage = couleur, opacité ≥ 72 %)  min 4.95
   ✓ écran qui vend · les deux boutons se voient (fond de l’année, contour de l’essai : écart de luminosité ≥ 42)  (215.3, 215.3)
   ✓ écran qui vend · plus de visuel ni d’explication : visuel, titre, phrase, cinq lignes, ombre de dalle du fond  ([], 'none')
   ✓ écran qui vend · les cotes de la planche (noms 238, sous-prix 342, notes 548 / 574) et la forme du prix, jamais « offert »  ([['Sillons', [24, 238, 98, 16.9]], ['Gravure', [146, 238, 98, 16.9]], ['Terrazzo', [268, 238, 98, 16.9]]], {'t': 'soit 2,42 €/mois · −39 %', 'r': [24, 342, 342, 17.3]}, [548, 574], False)
   ✓ gardé de côté · l’encart mène à l’écran qui vend, par-dessus  ('soi', 'createSheet,plusScreen')
   ✓ Réglages · l’encart mène à l’écran qui vend  ('soi', 'plusScreen')

══ défauts connus, déclarés (non comptés) :
   · dark · page + · AVANT : le rond photo de la page + posé sur la rangée (chantier 64) — exclu de la mesure
   · dark · Nuée · LE TRAIT (Nuée) : encre à 11.14 du contour — chantier 67, la rangée de pinceaux à 14,25 du bord droit
   · light · page + · AVANT : le rond photo de la page + posé sur la rangée (chantier 64) — exclu de la mesure
   · light · Nuée · LE TRAIT (Nuée) : encre à 11.14 du contour — chantier 67, la rangée de pinceaux à 14,25 du bord droit
══ 0 contrat(s) raté(s)
fin rc=0
