
  fiche tenue [dark]             OK
  fiche à tenir [dark]           OK
  fiche en cours [dark]          OK
  fiche chiche [dark]            OK
  chiche lancé [dark]            OK
  gardé de côté [dark]           OK
  page + [dark]                  OK
  page + Nuée [dark]             OK
  Index 2 [dark]                 OK
  Index 3 [dark]                 OK
  Fil [dark]                     OK
  Nuée [dark]                    OK
  Nuée vide [dark]               OK
  l'instant arrive [dark]        OK
  l'instant referme [dark]       OK
  l'instant après [dark]         OK
  fiche tenue [light]            OK
  fiche à tenir [light]          OK
  fiche en cours [light]         OK
  fiche chiche [light]           OK
  chiche lancé [light]           OK
  gardé de côté [light]          OK
  page + [light]                 OK
  page + Nuée [light]            OK
  Index 2 [light]                OK
  Index 3 [light]                OK
  Fil [light]                    OK
  Nuée [light]                   OK
  Nuée vide [light]              OK
  l'instant arrive [light]       OK
  l'instant referme [light]      OK
  l'instant après [light]        OK

32/32
