
═══ L'AURA — la Pelote dans l'app, deux thèmes ═══

écarts de position > 3 px    0
écarts de style              0
collisions                   0
débordements                 0
présence peinte              0
données                      0
les huit acquis              0
densité                      0
air de la colonne            0
la matière                   1
    [sombre] la dalle « rapporter le livre » est illisible : ΔE 12.6 (plancher 15)

LES VALEURS MESURÉES — acquis joués en thème sombre
   rangée · natures     5 paroles tenues à moi (promi 2, chiche 1, nuee 2) · la rangée en porte 5 : 139 promi, 134 nuee, 130 nuee, 129 chiche, 125 promi
   air [sombre]         phrase → disques : 1 l. 36.7 · 1 l. 36.7 · 2 l. 37.4 · 1 l. 36.7 · 1 l. 36.7 · à l'encre 1 l. 38.0 · légende à l'encre (31.5, 31) · libellés → bouton -333.8 · la colonne défile de 301 pt
   matière [sombre]     boule ↔ page 122.2 (plancher 42) · contour 109.9 · dalles : 5 de face, |Δlum| la plus faible 32.7, médiane 47.0 · ΔE 21 34 18 22 13
   air [clair]          phrase → disques : 1 l. 36.7 · 1 l. 36.7 · 2 l. 37.4 · 1 l. 36.7 · 1 l. 36.7 · à l'encre 1 l. 38.0 · légende à l'encre (31.5, 31) · libellés → bouton -333.8 · la colonne défile de 301 pt
   matière [clair]      boule ↔ page 104.3 (plancher 42) · contour 113.8 · dalles : 5 de face, |Δlum| la plus faible 47.0, médiane 56.9 · ΔE 31 26 28 29 22
   1 · rotation lente   0.0634 rad/s sur 2 s (décidé 0.0628, un tour en 100 s)
   2 · prise, droite    Δlac +0.810 (attendu +0.808) · Δtan +0.000 (attendu +0.000)
   2 · prise, bas       Δlac +0.002 (attendu +0.000) · Δtan -0.538 (attendu -0.538)
   2 · prise, diagonale Δlac -0.603 (attendu -0.606) · Δtan +0.404 (attendu +0.404)
   3 · élan             au lâcher 9.85 rad/s · éteint à 5.2 s · puis 0.0633 rad/s · écart max à la loi 0.0000 rad/s · plus longue image pendant l'élan : 117 ms (dont peintre 15.6 ms), 0 image(s) non échantillonnée(s)
   4 · retour           écart au repos (niveaux) : 19.5 → 11.4 → 7.6 → 4.9 → 1.8 → 0.1 → lisse · DERNIER PAS 0.13 niveau (médiane des 10 d'avant 4.55) · 18 images · empreinte retirée à 0.45 s
   4 · toucher          p 0.756 à 250 ms, 0.946 à 950 ms · sous le doigt 93.4 % des pixels changent, hors de portée 0.00 %, bruit 0.00 % · revenu ≈ 0.4 s après le lâcher, écart au repos 0.00 %
   5 · trace            en attente au lâcher : 1 · 0 → 1 caresse(s), gardée(s) : 1 · au repos, 9.6 % des pixels portent la caresse
   7 · relisse          deux touchers à 120 ms : 0 caresse restante · écart à l'objet neuf 0.000 % des pixels
   6 · comblement       le creux vit 0.65 s lâché sur place, 0.28 s lancé (44 %)
   8 · personne         toucher sur « Adrien » → ouvre « Adrien », fiche affichée · glissement de 30 pt sur la rangée → n'ouvre rien · glissement de 80 pt sur la sphère → Δlac 1.12 rad, personne d'ouvert
   8 bis · dalle        glissement de 30 pt sur « rapporter le livre » → rien d'ouvert · toucher → fiche affichée (Promi 139, attendu 139) · ✕ → Aura
   croissance           une parole de plus → tour 5 · la dernière dalle finit face à toi, z = 0.886
   6 bis · monde        Studio encre → pixel · 5 dalles, 5 jugées · distance à la plantation / au courant : rapporter le livre 0.000/0.144 · arroser tous les s 0.001/0.216 · monter la serre av 0.001/0.097 · le grand plongeoir 0.000/0.205 · planter un arbre 0.001/0.182

palier 90000 · médiane 14.7 ms · 2419 images · plus longue image pendant l'élan : 117 ms (dont peintre 15.6 ms), 0 image(s) non échantillonnée(s) · sous ×6 : palier peint 110000 pendant qu'on regarde, vise 75000, 2 décision(s) · à la réouverture : palier 75000

❌  1 ÉCARTS
