=== redteam_tokens 19:47:45
  ✓ l'extension Swift porte le niveau « meta »
  ✓ l'extension Swift porte le niveau « libelle »

46/46
=== redteam_ecrans 19:47:45
la signature est identique partout où elle est portée [clair] OK  
aucune erreur JS [clair]                       OK  

149/150
=== redteam_vide 19:49:14
l'instant après [light]                        OK  
aucune erreur JS                               OK  

61/61
=== redteam_toile 19:53:05
grand : le chiffre tient dans le trou      OK  trou 89 · texte jusqu a 76
aucune erreur JS                           OK  []

17/17
=== redteam_geste 19:54:13
Mon Folio : rien ne disparaît, rien ne se superpose OK  
aucune erreur JS                             OK  

13/13
=== redteam_reperage 19:55:03
[sombre] 1 · Fil : chaque ligne lit sa nature, à gauche        OK  5 lignes · fautives : []
[sombre] 2 · Fil : rien devant une dalle, libellé au doigt     OK  fautives : []

16/16
=== redteam_tonsurton 19:55:40
l'instant · referme  [light]                         OK  ΔE 24.3  Δlum 16   
l'instant · apres    [light]                         OK  ΔE 87.2  Δlum 31   

26/26
=== redteam_champ 19:56:38
  l'instant referme [light]      OK
  l'instant après [light]        OK

32/32
=== redteam_filets 19:58:44
fiche tenue [dark]     OK
fiche nuee [dark]      OK

OK — 0 filet(s) parasite(s)
=== redteam_accueil 20:00:51
[sombre] 7 · toute dalle atteignable, dix zooms              OK  18 dalles · inatteignables {}
[sombre] 5 · un mode signature enregistré ne se rallume pas  OK  sigmode False

22/22
=== redteam_dalle_figee 20:03:38
B · une dalle plantée garde sa couleur, sauvée puis rechargée OK  rgb(147,185,248) → rgb(147,185,248) · dalle sauvée {'ci': 1, 'lit': 3}
D · les peintres des cartes reçoivent le monde du Promi    OK  47 appels · 0 sans monde · 3 pour le Promi en « pixel · terre » (juste : True) · 0 faux

4/4
=== redteam_nuee_dalle 20:05:06
[clair] 11 · Nuée neuve : sa dalle au doigt, et son premier Promi relié OK  ok · {'k': 'n1790013993745', 'q': True, 'abs': True, 'nuee': 587}
[clair] aucune erreur JS                                           OK  []

38/38
=== redteam_nuee 20:06:37
  débordements ......................  0
==============================================================================

  ❌  24 écran(s) · 94 écart(s)
=== releve-aura 20:10:19

palier 90000 · médiane 15.2 ms · 2532 images · plus longue image pendant l'élan : 67 ms (dont peintre 15.4 ms), 0 image(s) non échantillonnée(s) · sous ×6 : palier peint 110000 pendant qu'on regarde, vise 75000, 2 décision(s) · à la réouverture : palier 75000

❌  11 ÉCARTS
=== redteam_air 20:12:44
   −6     Aura [dark]              .au-lb«Marion»                     → .au-lg«tenuesen coursà teni»    (28 → 22)
   −6     Aura [dark]              .au-lb«Adrien»                     → .au-lg«tenuesen coursà teni»    (28 → 22)

  Si le lot demandait ce resserrement, refige : python3 redteam_air.py --figer
=== releve-design 20:15:46
    sombre/nuee · nuee · ligne · _px : [319, 69] -> [319, 77]
    … et 40 autres

Si le lot ne demandait pas ces changements, c'est une régression.
FIN
