=== redteam_toile 18:48:06
grand : le chiffre tient dans le trou      OK  trou 89 · texte jusqu a 76
aucune erreur JS                           OK  []

17/17
=== redteam_dalle_figee 18:49:14
B · une dalle plantée garde sa couleur, sauvée puis rechargée OK  rgb(147,185,248) → rgb(147,185,248) · dalle sauvée {'ci': 1, 'lit': 3}
D · les peintres des cartes reçoivent le monde du Promi    OK  47 appels · 0 sans monde · 3 pour le Promi en « pixel · terre » (juste : True) · 0 faux

4/4
=== redteam_nuee_dalle 18:50:42
[clair] 11 · Nuée neuve : sa dalle au doigt, et son premier Promi relié OK  ok · {'k': 'n1790009529164', 'q': True, 'abs': True, 'nuee': 477}
[clair] aucune erreur JS                                           OK  []

34/38
=== redteam_reperage 18:52:12
[sombre] 1 · Fil : chaque ligne lit sa nature, à gauche        OK  5 lignes · fautives : []
[sombre] 2 · Fil : rien devant une dalle, libellé au doigt     OK  fautives : []

16/16
=== redteam_accueil 18:52:49
[sombre] 7 · toute dalle atteignable, dix zooms              OK  18 dalles · inatteignables {}
[sombre] 5 · un mode signature enregistré ne se rallume pas  OK  sigmode False

22/22
=== redteam_ecrans 18:55:35
la signature est identique partout où elle est portée [clair] OK  
aucune erreur JS [clair]                       OK  

150/150
=== redteam_tonsurton 18:57:04
l'instant · referme  [light]                         OK  ΔE 24.3  Δlum 16   
l'instant · apres    [light]                         OK  ΔE 87.2  Δlum 31   

26/26
=== redteam_vide 18:58:03
l'instant après [light]                        OK  
aucune erreur JS                               OK  

61/61
=== releve-aura 19:01:58

palier 90000 · médiane 14.6 ms · 2475 images · plus longue image pendant l'élan : 100 ms (dont peintre 14.8 ms), 0 image(s) non échantillonnée(s) · sous ×6 : palier peint 110000 pendant qu'on regarde, vise 75000, 2 décision(s) · à la réouverture : palier 75000

❌  14 ÉCARTS
FIN
