
═══ L'AURA — la Pelote dans l'app, deux thèmes ═══

écarts de position > 3 px    0
écarts de style              12
    [sombre] Noyau moi : arc cerné 10.2 + filet 12 #F7F0DE au lieu de 9.2 + 12 #F7F0DE
    [sombre] Noyau moi : arc cerné 10.2 + filet 12 #F7F0DE au lieu de 9.2 + 12 #F7F0DE
    [sombre] Noyau moi : arc cerné 10.2 + filet 12 #F7F0DE au lieu de 9.2 + 12 #F7F0DE
    [sombre] Noyau Adrien : arc cerné 7.2 + filet 9 #F7F0DE au lieu de 6.2 + 9 #F7F0DE
    [sombre] Noyau Adrien : arc cerné 7.2 + filet 9 #F7F0DE au lieu de 6.2 + 9 #F7F0DE
    [sombre] Noyau Marion : arc cerné 7.2 + filet 9 #F7F0DE au lieu de 6.2 + 9 #F7F0DE
    [sombre] Noyau Marion : arc cerné 7.2 + filet 9 #F7F0DE au lieu de 6.2 + 9 #F7F0DE
    [sombre] Noyau Marion : arc cerné 7.2 + filet 9 #F7F0DE au lieu de 6.2 + 9 #F7F0DE
    [sombre] Noyau Nico : arc cerné 7.2 + filet 9 #F7F0DE au lieu de 6.2 + 9 #F7F0DE
    [sombre] Noyau Rachel : arc cerné 7.2 + filet 9 #F7F0DE au lieu de 6.2 + 9 #F7F0DE
    [sombre] Noyau Rachel : arc cerné 7.2 + filet 9 #F7F0DE au lieu de 6.2 + 9 #F7F0DE
    [sombre] Noyau Rachel : arc cerné 7.2 + filet 9 #F7F0DE au lieu de 6.2 + 9 #F7F0DE
collisions                   0
débordements                 0
présence peinte              0
données                      0
les huit acquis              0
densité                      0
air de la colonne            0
la matière                   0

LES VALEURS MESURÉES — acquis joués en thème sombre
   rangée · natures     5 paroles tenues à moi (promi 2, chiche 1, nuee 2) · la rangée en porte 5 : 139 promi, 134 nuee, 130 nuee, 129 chiche, 125 promi
   air [sombre]         phrase → disques : 1 l. 36.7 · 1 l. 36.7 · 2 l. 37.4 · 1 l. 36.7 · 1 l. 36.7 · à l'encre 1 l. 38.0 · légende à l'encre (31.5, 31) · libellés → bouton -333.8 · la colonne défile de 301 pt
   matière [sombre]     boule ↔ page 138.1 (plancher 42) · contour 117.5 · dalles : 5 de face, |Δlum| la plus faible 14.5, médiane 18.0 · ΔE 30 51 26 36 17
   air [clair]          phrase → disques : 1 l. 36.7 · 1 l. 36.7 · 2 l. 37.4 · 1 l. 36.7 · 1 l. 36.7 · à l'encre 1 l. 38.0 · légende à l'encre (31.5, 31) · libellés → bouton -333.8 · la colonne défile de 301 pt
   matière [clair]      boule ↔ page 108.1 (plancher 42) · contour 120.1 · dalles : 5 de face, |Δlum| la plus faible 55.8, médiane 77.5 · ΔE 32 36 23 32 35
   1 · rotation lente   0.0634 rad/s sur 2 s (décidé 0.0628, un tour en 100 s)
   2 · prise, droite    Δlac +0.811 (attendu +0.808) · Δtan +0.000 (attendu +0.000)
   2 · prise, bas       Δlac +0.003 (attendu +0.000) · Δtan -0.538 (attendu -0.538)
   2 · prise, diagonale Δlac -0.603 (attendu -0.606) · Δtan +0.404 (attendu +0.404)
   3 · élan             au lâcher 6.74 rad/s · éteint à 5.0 s · puis 0.0630 rad/s · écart max à la loi 0.0000 rad/s · plus longue image pendant l'élan : 100 ms (dont peintre 14.4 ms), 0 image(s) non échantillonnée(s)
   4 · retour           écart au repos (niveaux) : 22.5 → 15.8 → 11.5 → 7.5 → 4.7 → 0.3 → lisse · DERNIER PAS 0.34 niveau (médiane des 10 d'avant 5.39) · 18 images · empreinte retirée à 0.39 s
   4 · toucher          p 0.755 à 250 ms, 0.948 à 950 ms · sous le doigt 98.3 % des pixels changent, hors de portée 0.00 %, bruit 0.00 % · revenu ≈ 0.4 s après le lâcher, écart au repos 0.00 %
   5 · trace            en attente au lâcher : 1 · 0 → 1 caresse(s), gardée(s) : 1 · au repos, 11.2 % des pixels portent la caresse
   7 · relisse          deux touchers à 120 ms : 0 caresse restante · écart à l'objet neuf 0.000 % des pixels
   6 · comblement       le creux vit 0.73 s lâché sur place, 0.28 s lancé (39 %)
   8 · personne         toucher sur « Adrien » → ouvre « Adrien », fiche affichée · glissement de 30 pt sur la rangée → n'ouvre rien · glissement de 80 pt sur la sphère → Δlac 1.12 rad, personne d'ouvert
   8 bis · dalle        glissement de 30 pt sur « rapporter le livre » → rien d'ouvert · toucher → fiche affichée (Promi 139, attendu 139) · ✕ → Aura
   croissance           une parole de plus → tour 5 · la dernière dalle finit face à toi, z = 0.891
   6 bis · monde        Studio encre → pixel · 5 dalles, 5 jugées · distance à la plantation / au courant : rapporter le livre 0.000/0.180 · arroser tous les s 0.000/0.175 · monter la serre av 0.000/0.118 · le grand plongeoir 0.000/0.138 · planter un arbre 0.000/0.090

palier 90000 · médiane 14.4 ms · 2628 images · plus longue image pendant l'élan : 100 ms (dont peintre 14.4 ms), 0 image(s) non échantillonnée(s) · sous ×6 : palier peint 110000 pendant qu'on regarde, vise 75000, 3 décision(s) · à la réouverture : palier 75000

❌  12 ÉCARTS
