
═══ L'AURA — l'Orbite dans l'app, deux thèmes ═══

écarts de position > 3 px    0
écarts de style              0
collisions                   0
débordements                 0
présence peinte              0
données                      0
les huit acquis              0
densité                      0
air de la colonne            0
la matière                   0

LES VALEURS MESURÉES — acquis joués en thème sombre
   air [sombre]         phrase → disques : 2 l. 27.1 · 1 l. 27.7 · 2 l. 27.1 · 1 l. 27.7 · 1 l. 27.7 · à l'encre 2 l. 29.0 · 1 l. 28.0 · libellés → bouton 28.5 · la colonne défile de 129 pt
   matière [sombre]     boule ↔ page 72.3 (décidé 76) · contour 59.5 · dalles : 5 îles, la plus faible 24.8, médiane 30.2
   air [clair]          phrase → disques : 2 l. 27.1 · 1 l. 27.7 · 2 l. 27.1 · 1 l. 27.7 · 1 l. 27.7 · à l'encre 2 l. 29.0 · 1 l. 28.0 · libellés → bouton 28.5 · la colonne défile de 129 pt
   matière [clair]      boule ↔ page 85.5 (décidé 85) · contour 94.7 · dalles : 5 îles, la plus faible 30.4, médiane 32.9
   1 · rotation lente   0.0524 rad/s sur 2 s (décidé 0.0524, un tour en 2 min)
   2 · prise, droite    Δlac +0.809 (attendu +0.808) · Δtan +0.000 (attendu +0.000)
   2 · prise, bas       Δlac +0.003 (attendu +0.000) · Δtan -0.538 (attendu -0.538)
   2 · prise, diagonale Δlac -0.604 (attendu -0.606) · Δtan +0.404 (attendu +0.404)
   3 · élan             au lâcher 9.29 rad/s · éteint à 5.2 s · puis 0.0530 rad/s · écart max à la loi 0.0000 rad/s · plus longue image pendant l'élan : 50 ms (dont peintre 20.8 ms), 0 image(s) non échantillonnée(s)
   4 · retour           écart au repos (niveaux) : 40.5 → 36.0 → 30.6 → 21.6 → 9.8 → 0.4 → lisse · DERNIER PAS 0.39 niveau (médiane des 10 d'avant 0.79) · 128 images · empreinte retirée à 3.30 s
   4 · toucher          p 1.000 à 250 ms, 1.000 à 950 ms · sous le doigt 98.3 % des pixels changent, hors de portée 1.48 %, bruit 0.00 % · revenu ≈ 3.3 s après le lâcher, écart au repos 0.00 %
   5 · trace            en attente au lâcher : 1 · 0 → 1 caresse(s), gardée(s) : 1 · au repos, 11.0 % des pixels portent la caresse
   7 · relisse          deux touchers à 120 ms : 0 caresse restante · écart à l'objet neuf 0.000 % des pixels
   6 · comblement       le creux vit 3.48 s lâché sur place, 0.40 s lancé (11 %)
   8 · personne         toucher sur « Marion » → ouvre « Marion », fiche affichée · glissement de 30 pt sur la rangée → n'ouvre rien · glissement de 80 pt sur la sphère → Δlac 1.11 rad, personne d'ouvert
   croissance           une parole de plus → tour 5 · la dernière dalle finit face à toi, z = 0.948

palier 110000 · médiane 13.9 ms · 2145 images · plus longue image pendant l'élan : 50 ms (dont peintre 20.8 ms), 0 image(s) non échantillonnée(s) · sous ×6 : palier peint 110000 pendant qu'on regarde, vise 75000, 1 décision(s) · à la réouverture : palier 75000

✅  L'AURA AU VERT
