    0s  redteam_registre.py        6 / 6 / chantiers non validés : 71
    0s  redteam_tokens.py            ✓ l'extension Swift porte le niveau « libelle » / 46/46
    0s  redteam_volume.py          dette de naissance : 290 · retrouvée : 290 · soldée depuis : 0 / ✅ AUCUN VOLUME, NULLE PART (la Pelote comprise)
   32s  redteam_halo.py            [sombre] D · « PARTAGER MA PELOTE » à 435,47                                   OK  435.46875 / 10/10
  349s  redteam_bord.py            OK  [sombre · taciturne] bord ↔ intérieur voisin : ΔE médian ≤ 5 0.5 · 0.2 · 0.4 / 8/8
  137s  redteam_zone.py            OK  [light] aucune erreur de page   / 12 / 12
   33s  redteam_contour.py         OK [sombre] la Pelote s'arrête à 124.3 du centre (silhouette 121.5) · pixels au-delà : 0 / ✅ rien ne dépasse du contour
   67s  redteam_souffle.py         OK C · « Réduire les animations » : pixels changés en 5 s — dedans 0, dehors 0 / ✅ la Pelote respire par son velours, et rien d'autre
  167s  redteam_plein.py           [densité 3] aucune erreur de page                                              OK   / 97 / 97
   60s  redteam_mesure.py          OK  [dark] la page n'a pas défilé  0 / 0 / 10 / 10
  175s  releve-aura.py             palier 220000 · médiane 39.4 ms · 1408 images · plus longue image pendant l'élan : 167 ms (dont peintre 40.0 ms), 0 image(s) non échantillonnée(s) · sous ×6 : palier peint 220000 p
   29s  redteam_pelote_doigt.py    OK  aucune erreur de page   / 7 / 7
   91s  redteam_corps.py           aucune erreur de page                                                                  OK   / 33 / 33
  260s  redteam_phrase_fiche.py      ✅ [dark] élision : aucune erreur de page — [] / redteam_phrase_fiche : 74/74
  102s  redteam_partage_dessin.py  OK  [sombre] aucune erreur de page                                                 [] / 34/34
  173s  redteam_partage_fiche.py   48/48 / ✅ le rond Partager d'une fiche partage son Folio
  114s  redteam_dessin.py            ✅ aucune erreur de page (Cercle, page +) / redteam_dessin : 79/79
   81s  redteam_entier.py            ✅ [light] 5 · aucune erreur de page / redteam_entier : 44/44
  317s  redteam_decoupe.py           OK  sillons   dark  fil du Cercle, défilé       13 dalle(s) rendue(s) · au pire 0.00 % de pixels d'une autre couleur / ✅  G2 : 50 écran(s) × monde × thème jugés, 0 en défaut
  126s  redteam_murs.py              ✅ 8 · Cercle payé : rien de flouté, rien ne monte  — phrase False · offre False · filtre none / 28/28
   80s  redteam_decisions.py       Peaufiner [dark] « Supprimer ce Promi »      décidé #F7F0DE  rendu #F7F0DE  OK   (v132 (C-053) : jamais l'orange d'état) / 85 / 85
  131s  redteam_joignable.py       aucun gestionnaire en attribut on…=""                      OK  0 / 5 / 5
   90s  redteam_ecrans.py          aucune erreur JS [clair]                       OK   / 152/152
  227s  redteam_vide.py            aucune erreur JS                               OK   / 61/61
  300s  redteam_lexique.py            · point i / redteam_lexique : 3/3
  315s  redteam_air.py                fiche chiche [light]       #dptQui«À Marion · chiche de»      → #dptTitre«le grand plongeoir» /   Si un texte a changé PAR DÉCISION, refige : python3 redteam_air.py --figer
  686s  redteam_couleurs_ref.py    canevas non peints d'un côté (comptés, non jugés) : 3 — Nuée défilée[l] vide côté app · Nuée défilée[l] vide côté réf · Nuée défilée[d] vide côté app / ✅ — 0 écart(s) de couleur av
