
== fiche Promi 126 · invite
   LE TRAIT               s2-reg                   h  64.0 r  32.0 · 1 lignes · 1re  21.9 · dernière  21.9 · min  21.9 · y [20.1]
   À QUI                  s2-reg                   h  64.0 r  32.0 · 1 lignes · 1re  21.9 · dernière  21.9 · min  21.9 · y [20.1]
   AVANT                  s2-reg                   h  64.0 r  32.0 · 1 lignes · 1re  21.9 · dernière  21.9 · min  21.9 · y [20.1]
   DANS UNE NUÉE          s2-reg                   h  64.0 r  32.0 · 1 lignes · 1re  21.9 · dernière  21.9 · min  21.9 · y [20.1]
   NOTE                   s2-reg.s2-zone           h 118.0 r  59.0 · 3 lignes · 1re   3.0 · dernière   2.5 · min   2.5 · y [17, 41, 84.6]
   PIÈCES JOINTES         s2-reg.s2-vis2           h  92.0 r  46.0 · 2 lignes · 1re  12.9 · dernière  13.7 · min  12.9 · y [23, 50.8]
   COMMENTAIRES           s2-reg.s2-zone           h 118.0 r  59.0 · 3 lignes · 1re   3.0 · dernière   2.5 · min   2.5 · y [17, 41, 84.6]
   C'EST IMPORTANT ?      s2-reg                   h  64.0 r  32.0 · 1 lignes · 1re  21.9 · dernière  21.9 · min  21.9 · y [20.1]
   RÉCURRENCE             s2-reg                   h  64.0 r  32.0 · 1 lignes · 1re  21.9 · dernière  21.9 · min  21.9 · y [20.1]
   RAPPEL                 s2-reg                   h  64.0 r  32.0 · 1 lignes · 1re  21.9 · dernière  21.9 · min  21.9 · y [20.1]
   LA MÉMOIRE             s2-reg                   h  64.0 r  32.0 · 1 lignes · 1re  21.9 · dernière  21.9 · min  21.9 · y [20.1]
   SUPPRIMER CE PROMI     s2-reg                   h  64.0 r  32.0 · 1 lignes · 1re  21.9 · dernière  21.9 · min  21.9 · y [20.1]

== fiche Promi 126 · long
   LE TRAIT               s2-reg                   h  64.0 r  32.0 · 1 lignes · 1re  21.9 · dernière  21.9 · min  21.9 · y [20.1]
   À QUI                  s2-reg                   h  64.0 r  32.0 · 1 lignes · 1re  21.9 · dernière  21.9 · min  21.9 · y [20.1]
   AVANT                  s2-reg                   h  64.0 r  32.0 · 1 lignes · 1re  21.9 · dernière  21.9 · min  21.9 · y [20.1]
   DANS UNE NUÉE          s2-reg                   h  64.0 r  32.0 · 1 lignes · 1re  21.9 · dernière  21.9 · min  21.9 · y [20.1]
   NOTE                   s2-reg.s2-zone           h 118.0 r  59.0 · 4 lignes · 1re   3.0 · dernière   2.5 · min   2.5 · y [17, 41, 63.5, 84.6]
   PIÈCES JOINTES         s2-reg.s2-vis2           h  92.0 r  46.0 · 2 lignes · 1re  12.9 · dernière  13.7 · min  12.9 · y [23, 50.8]
   COMMENTAIRES           s2-reg.s2-zone           h 118.0 r  59.0 · 3 lignes · 1re   3.0 · dernière   2.5 · min   2.5 · y [17, 41, 84.6]
   C'EST IMPORTANT ?      s2-reg                   h  64.0 r  32.0 · 1 lignes · 1re  21.9 · dernière  21.9 · min  21.9 · y [20.1]
   RÉCURRENCE             s2-reg                   h  64.0 r  32.0 · 1 lignes · 1re  21.9 · dernière  21.9 · min  21.9 · y [20.1]
   RAPPEL                 s2-reg                   h  64.0 r  32.0 · 1 lignes · 1re  21.9 · dernière  21.9 · min  21.9 · y [20.1]
   LA MÉMOIRE             s2-reg                   h  64.0 r  32.0 · 1 lignes · 1re  21.9 · dernière  21.9 · min  21.9 · y [20.1]
   SUPPRIMER CE PROMI     s2-reg                   h  64.0 r  32.0 · 1 lignes · 1re  21.9 · dernière  21.9 · min  21.9 · y [20.1]

== page + · invite
   PromiFERMER            enh                      h  60.0 r  30.0 · 1 lignes · 1re  40.2 · dernière  40.2 · min  40.2 · y [21.8]
   À QUI                  s2-reg                   h  64.0 r  32.0 · 1 lignes · 1re  21.9 · dernière  21.9 · min  21.9 · y [20.1]
   AVANT                  s2-reg                   h  64.0 r  32.0 · 1 lignes · 1re  21.9 · dernière  21.9 · min  21.9 · y [20.1]
   DANS UNE NUÉE          s2-reg                   h  64.0 r  32.0 · 1 lignes · 1re  21.9 · dernière  21.9 · min  21.9 · y [20.1]
   NOTE                   s2-reg.s2-zone           h 118.0 r  59.0 · 3 lignes · 1re   3.0 · dernière   2.5 · min   2.5 · y [17, 39.5, 84.6]
   PIÈCES JOINTES         s2-reg.s2-vis2           h  92.0 r  46.0 · 2 lignes · 1re  12.9 · dernière  13.7 · min  12.9 · y [23, 50.8]

== page + · long
   PromiFERMER            enh                      h  60.0 r  30.0 · 1 lignes · 1re  40.2 · dernière  40.2 · min  40.2 · y [21.8]
   À QUI                  s2-reg                   h  64.0 r  32.0 · 1 lignes · 1re  21.9 · dernière  21.9 · min  21.9 · y [20.1]
   AVANT                  s2-reg                   h  64.0 r  32.0 · 1 lignes · 1re  21.9 · dernière  21.9 · min  21.9 · y [20.1]
   DANS UNE NUÉE          s2-reg                   h  64.0 r  32.0 · 1 lignes · 1re  21.9 · dernière  21.9 · min  21.9 · y [20.1]
   NOTE                   s2-reg.s2-zone           h 118.0 r  59.0 · 4 lignes · 1re   3.0 · dernière   2.5 · min   2.5 · y [17, 39.5, 62, 84.6]
   PIÈCES JOINTES         s2-reg.s2-vis2           h  92.0 r  46.0 · 2 lignes · 1re  12.9 · dernière  13.7 · min  12.9 · y [23, 50.8]

== Nuée potager · invite
   LE TRAIT               np-carte                 h 118.0 r  59.0 · 2 lignes · 1re   5.3 · dernière  19.7 · min   5.3 · y [21, 80.8]
   DESCRIPTION            np-carte                 h 104.0 r  52.0 · 3 lignes · 1re   7.4 · dernière   5.8 · min   5.8 · y [19, 43, 70]
   MEMBRES                np-carte                 h  64.0 r  32.0 · 1 lignes · 1re  23.0 · dernière  23.0 · min  23.0 · y [21]
   PIÈCES JOINTES         np-carte                 h  92.0 r  46.0 · 2 lignes · 1re   6.3 · dernière   6.3 · min   6.3 · y [14.8, 60.3]
   COMMENTAIRES           np-carte                 h 104.0 r  52.0 · 3 lignes · 1re   7.4 · dernière   5.8 · min   5.8 · y [19, 43, 70]
   DISSOUDRE LA NUÉE      np-carte                 h  64.0 r  32.0 · 1 lignes · 1re  23.0 · dernière  23.0 · min  23.0 · y [21]
   Planter un Promi dans  nf-add                   h  68.0 r  31.0 · 1 lignes · 1re  41.6 · dernière  41.6 · min  41.6 · y [23]

== Nuée potager · long
   LE TRAIT               np-carte                 h 118.0 r  59.0 · 2 lignes · 1re   5.3 · dernière  19.7 · min   5.3 · y [21, 80.8]
   DESCRIPTION            np-carte                 h 104.0 r  52.0 · 3 lignes · 1re   7.4 · dernière   5.8 · min   5.8 · y [19, 43, 70]
   MEMBRES                np-carte                 h  64.0 r  32.0 · 1 lignes · 1re  23.0 · dernière  23.0 · min  23.0 · y [21]
   PIÈCES JOINTES         np-carte                 h  92.0 r  46.0 · 2 lignes · 1re   6.3 · dernière   6.3 · min   6.3 · y [14.8, 60.3]
   COMMENTAIRES           np-carte                 h 104.0 r  52.0 · 3 lignes · 1re   7.4 · dernière   5.8 · min   5.8 · y [19, 43, 70]
   DISSOUDRE LA NUÉE      np-carte                 h  64.0 r  32.0 · 1 lignes · 1re  23.0 · dernière  23.0 · min  23.0 · y [21]
   Planter un Promi dans  nf-add                   h  68.0 r  31.0 · 1 lignes · 1re  41.6 · dernière  41.6 · min  41.6 · y [23]
