
=== gratuit · Marion : 55 nœuds, 45 visibles
  ● ·· div.ps-head>div>#psSub                                     « votre harmonie : rayonnante · ta parole : rayonnante »
  ● ·· Mirror>div.ps-mir>div.kr-duo>div.kr-one.kr-toi>canvas.kr-c 
  ○ ·· irror>div.ps-mir>div.kr-duo>div.kr-one.kr-toi>span.kr-side « toi »   [caché : visibility sur kr-side]
  ○ C· #psMirror>div.ps-mir>div.kr-duo>div.kr-one.kr-eux             [caché : display:none sur kr-one kr-eux]
  ○ ·· Mirror>div.ps-mir>div.kr-duo>div.kr-one.kr-eux>canvas.kr-c    [caché : display:none sur kr-one kr-eux]
  ○ ·· irror>div.ps-mir>div.kr-duo>div.kr-one.kr-eux>span.kr-side « Marion »   [caché : display:none sur kr-one kr-eux]
  ○ C· #psMirror>div.ps-mleg.prem-only                               [caché : display:none sur ps-mleg prem-only]
  ○ C· #psMirror>div.ps-mleg.prem-only>span                       « toi envers eux »   [caché : display:none sur ps-mleg prem-only]
  ○ C· #psMirror>div.ps-mleg.prem-only>span>i.ppl.ppl-toi            [caché : display:none sur ps-mleg prem-only]
  ○ C· #psMirror>div.ps-mleg.prem-only>span                       « eux envers toi »   [caché : display:none sur ps-mleg prem-only]
  ○ C· #psMirror>div.ps-mleg.prem-only>span>i.ppl.ppl-eux            [caché : display:none sur ps-mleg prem-only]
  ● ·· #psMirror>div.ps-curve>div.ps-clab                         « comment ça évolue »
  ● ·· #psMirror>div.ps-curve>svg                                 
  ● ·· #psMirror>div.ps-leg3>span                                 « en cours »
  ● ·· #psMirror>div.ps-leg3>span                                 « tenues »
  ● ·· #psMirror>div.ps-leg3>span                                 « à tenir »
  ● ·· div.grouplab                                               « Promesses partagées »
  ● ·· #psList>div.b                                              « 3 Promi échangés · 1 reçu · 2 donnés »
  ● ·T #psList>div.row                                            
  ● ·T #psList>div.row>canvas.bul.mini-dalle                      
  ● ·T #psList>div.row>div                                        
  ● ·T #psList>div.row>div>div.a                                  « courir dimanche »
  ● ·T #psList>div.row>div>div.b                                  « à Marion · en cours »
  ● ·T #psList>div.row>div.chev                                   « › »
  ● ·T #psList>div.row                                            
  ● ·T #psList>div.row>canvas.bul.mini-dalle                      
  ● ·T #psList>div.row>div                                        
  ● ·T #psList>div.row>div>div.a                                  « le grand plongeoir »
  ● ·T #psList>div.row>div>div.b                                  « à Marion · tenue »
  ● ·T #psList>div.row>div.chev                                   « › »
  ● ·T #psList>div.row                                            
  ● ·T #psList>div.row>canvas.bul.mini-dalle                      
  ● ·T #psList>div.row>div                                        
  ● ·T #psList>div.row>div>div.a                                  « vider le composteur à deux »
  ● ·T #psList>div.row>div>div.b                                  « de Marion → le groupe · en cours · le potager »
  ● ·T #psList>div.row>div.chev                                   « › »
  ● ·· div.enh>#psName                                            « Marion »
  ● ·T div.enh>div.closeb                                         « ✕ Fermer »

=== gratuit · Rachel : 64 nœuds, 45 visibles
  ● ·· div.ps-head>div>#psSub                                     « votre harmonie : naissante · ta parole : installée »
  ● ·· Mirror>div.ps-mir>div.kr-duo>div.kr-one.kr-toi>canvas.kr-c 
  ○ ·· irror>div.ps-mir>div.kr-duo>div.kr-one.kr-toi>span.kr-side « toi »   [caché : visibility sur kr-side]
  ○ C· #psMirror>div.ps-mir>div.kr-duo>div.kr-one.kr-eux             [caché : display:none sur kr-one kr-eux]
  ○ ·· Mirror>div.ps-mir>div.kr-duo>div.kr-one.kr-eux>canvas.kr-c    [caché : display:none sur kr-one kr-eux]
  ○ ·· irror>div.ps-mir>div.kr-duo>div.kr-one.kr-eux>span.kr-side « Rachel »   [caché : display:none sur kr-one kr-eux]
  ○ C· #psMirror>div.ps-mleg.prem-only                               [caché : display:none sur ps-mleg prem-only]
  ○ C· #psMirror>div.ps-mleg.prem-only>span                       « toi envers eux »   [caché : display:none sur ps-mleg prem-only]
  ○ C· #psMirror>div.ps-mleg.prem-only>span>i.ppl.ppl-toi            [caché : display:none sur ps-mleg prem-only]
  ○ C· #psMirror>div.ps-mleg.prem-only>span                       « eux envers toi »   [caché : display:none sur ps-mleg prem-only]
  ○ C· #psMirror>div.ps-mleg.prem-only>span>i.ppl.ppl-eux            [caché : display:none sur ps-mleg prem-only]
  ○ C· #psMirror>div.ps-eq.prem-only                                 [caché : display:none sur ps-eq prem-only]
  ○ C· #psMirror>div.ps-eq.prem-only>div.eq-track                    [caché : display:none sur ps-eq prem-only]
  ○ C· #psMirror>div.ps-eq.prem-only>div.eq-track>span.eq-end     « toi »   [caché : display:none sur ps-eq prem-only]
  ○ C· #psMirror>div.ps-eq.prem-only>div.eq-track>span.eq-end>b   « 50% »   [caché : display:none sur ps-eq prem-only]
  ○ C· #psMirror>div.ps-eq.prem-only>div.eq-track>div.eq-line        [caché : display:none sur ps-eq prem-only]
  ○ C· r>div.ps-eq.prem-only>div.eq-track>div.eq-line>div.eq-mark    [caché : display:none sur ps-eq prem-only]
  ○ C· #psMirror>div.ps-eq.prem-only>div.eq-track>span.eq-end     « eux »   [caché : display:none sur ps-eq prem-only]
  ○ C· #psMirror>div.ps-eq.prem-only>div.eq-track>span.eq-end>b   « 0% »   [caché : display:none sur ps-eq prem-only]
  ○ C· #psMirror>div.ps-eq.prem-only>div.eq-phrase                « tu portes un peu plus »   [caché : display:none sur ps-eq prem-only]
  ● ·· #psMirror>div.ps-curve>div.ps-clab                         « comment ça évolue »
  ● ·· #psMirror>div.ps-curve>svg                                 
  ● ·· #psMirror>div.ps-leg3>span                                 « en cours »
  ● ·· #psMirror>div.ps-leg3>span                                 « tenues »
  ● ·· #psMirror>div.ps-leg3>span                                 « à tenir »
  ● ·· div.grouplab                                               « Promesses partagées »
  ● ·· #psList>div.b                                              « 3 Promi échangés · 1 reçu · 2 donnés »
  ● ·T #psList>div.row                                            
  ● ·T #psList>div.row>canvas.bul.mini-dalle                      
  ● ·T #psList>div.row>div                                        
  ● ·T #psList>div.row>div>div.a                                  « faire les crêpes »
  ● ·T #psList>div.row>div>div.b                                  « à Rachel · à tenir »
  ● ·T #psList>div.row>div.chev                                   « › »
  ● ·T #psList>div.row                                            
  ● ·T #psList>div.row>canvas.bul.mini-dalle                      
  ● ·T #psList>div.row>div                                        
  ● ·T #psList>div.row>div>div.a                                  « reprendre l'arrosage automatique »
  ● ·T #psList>div.row>div>div.b                                  « de Rachel → le groupe · à tenir · le potager »
  ● ·T #psList>div.row>div.chev                                   « › »
  ● ·T #psList>div.row                                            
  ● ·T #psList>div.row>canvas.bul.mini-dalle                      
  ● ·T #psList>div.row>div                                        
  ● ·T #psList>div.row>div>div.a                                  « rapporter le livre »
  ● ·T #psList>div.row>div>div.b                                  « à Rachel · tenue »
  ● ·T #psList>div.row>div.chev                                   « › »
  ● ·· div.enh>#psName                                            « Rachel »
  ● ·T div.enh>div.closeb                                         « ✕ Fermer »

=== gratuit · moi : 93 nœuds, 92 visibles
  ● ·· div.ps-head>div>#psSub                                     « votre harmonie : rayonnante · ta parole : rayonnante »
  ● ·· #psMirror>div.ps-mir>div.kr-wrap>canvas.kr-c               
  ● ·· #psMirror>div.ps-curve>div.ps-clab                         « comment ça évolue »
  ● ·· #psMirror>div.ps-curve>svg                                 
  ● ·· #psMirror>div.ps-leg3>span                                 « en cours »
  ● ·· #psMirror>div.ps-leg3>span                                 « tenues »
  ● ·· #psMirror>div.ps-leg3>span                                 « à tenir »
  ● ·· div.grouplab                                               « Promesses partagées »
  ● ·· #psList>div.b                                              « 11 Promi échangés · 11 reçus · 5 donnés »
  ● ·T #psList>div.row                                            
  ● ·T #psList>div.row>canvas.bul.mini-dalle                      
  ● ·T #psList>div.row>div                                        
  ● ·T #psList>div.row>div>div.a                                  « planter un arbre »
  ● ·T #psList>div.row>div>div.b                                  « pour toi · tenue »
  ● ·T #psList>div.row>div.chev                                   « › »
  ● ·T #psList>div.row                                            
  ● ·T #psList>div.row>canvas.bul.mini-dalle                      
  ● ·T #psList>div.row>div                                        
  ● ·T #psList>div.row>div>div.a                                  « faire les crêpes »
  ● ·T #psList>div.row>div>div.b                                  « à Rachel · à tenir »
  ● ·T #psList>div.row>div.chev                                   « › »
  ● ·T #psList>div.row                                            
  ● ·T #psList>div.row>canvas.bul.mini-dalle                      
  ● ·T #psList>div.row>div                                        
  ● ·T #psList>div.row>div>div.a                                  « courir dimanche »
  ● ·T #psList>div.row>div>div.b                                  « à Marion · en cours »
  ● ·T #psList>div.row>div.chev                                   « › »
  ● ·T #psList>div.row                                            
  ● ·T #psList>div.row>canvas.bul.mini-dalle                      
  ● ·T #psList>div.row>div                                        
  ● ·T #psList>div.row>div>div.a                                  « nager le mardi »
  ● ·T #psList>div.row>div>div.b                                  « pour toi · en cours »
  ● ·T #psList>div.row>div.chev                                   « › »
  ● ·T #psList>div.row                                            
  ● ·T #psList>div.row>canvas.bul.mini-dalle                      
  ● ·T #psList>div.row>div                                        
  ● ·T #psList>div.row>div>div.a                                  « le grand plongeoir »
  ● ·T #psList>div.row>div>div.b                                  « à Marion · tenue »
  ● ·T #psList>div.row>div.chev                                   « › »
  ● ·T #psList>div.row                                            
  ● ·T #psList>div.row>canvas.bul.mini-dalle                      
  ● ·T #psList>div.row>div                                        
  ● ·T #psList>div.row>div>div.a                                  « monter la serre avant les gelées »
  ● ·T #psList>div.row>div>div.b                                  « à le groupe · tenue · le potager »
  ● ·T #psList>div.row>div.chev                                   « › »
  ● ·T #psList>div.row                                            
  ● ·T #psList>div.row>canvas.bul.mini-dalle                      
  ● ·T #psList>div.row>div                                        
  ● ·T #psList>div.row>div>div.a                                  « arroser tous les soirs »
  ● ·T #psList>div.row>div>div.b                                  « à le groupe · tenue · le potager »
  ● ·T #psList>div.row>div.chev                                   « › »
  ● ·T #psList>div.row                                            
  ● ·T #psList>div.row>canvas.bul.mini-dalle                      
  ● ·T #psList>div.row>div                                        
  ● ·T #psList>div.row>div>div.a                                  « arroser les tomates »
  ● ·T #psList>div.row>div>div.b                                  « pour toi · en cours · le potager »
  ● ·T #psList>div.row>div.chev                                   « › »
  ● ·T #psList>div.row                                            
  ● ·T #psList>div.row>canvas.bul.mini-dalle                      
  ● ·T #psList>div.row>div                                        
  ● ·T #psList>div.row>div>div.a                                  « tailler la vigne »
  ● ·T #psList>div.row>div>div.b                                  « pour toi · en cours · le potager »
  ● ·T #psList>div.row>div.chev                                   « › »
  ● ·T #psList>div.row                                            
  ● ·T #psList>div.row>canvas.bul.mini-dalle                      
  ● ·T #psList>div.row>div                                        
  ● ·T #psList>div.row>div>div.a                                  « ramasser les courges »
  ● ·T #psList>div.row>div>div.b                                  « pour toi · en cours · le potager »
  ● ·T #psList>div.row>div.chev                                   « › »
  ● ·T #psList>div.row                                            
  ● ·T #psList>div.row>canvas.bul.mini-dalle                      
  ● ·T #psList>div.row>div                                        
  ● ·T #psList>div.row>div>div.a                                  « rapporter le livre »
  ● ·T #psList>div.row>div>div.b                                  « à Rachel · tenue »
  ● ·T #psList>div.row>div.chev                                   « › »
  ● ·· div.enh>#psName                                            « moi »
  ● ·T div.enh>div.closeb                                         « ✕ Fermer »

=== gratuit · Zoé : 37 nœuds, 27 visibles
  ● ·· div.ps-head>div>#psSub                                     « votre harmonie : à tisser »
  ● ·· Mirror>div.ps-mir>div.kr-duo>div.kr-one.kr-toi>canvas.kr-c 
  ○ ·· irror>div.ps-mir>div.kr-duo>div.kr-one.kr-toi>span.kr-side « toi »   [caché : visibility sur kr-side]
  ○ C· #psMirror>div.ps-mir>div.kr-duo>div.kr-one.kr-eux             [caché : display:none sur kr-one kr-eux]
  ○ ·· Mirror>div.ps-mir>div.kr-duo>div.kr-one.kr-eux>canvas.kr-c    [caché : display:none sur kr-one kr-eux]
  ○ ·· irror>div.ps-mir>div.kr-duo>div.kr-one.kr-eux>span.kr-side « Zoé »   [caché : display:none sur kr-one kr-eux]
  ○ C· #psMirror>div.ps-mleg.prem-only                               [caché : display:none sur ps-mleg prem-only]
  ○ C· #psMirror>div.ps-mleg.prem-only>span                       « toi envers eux »   [caché : display:none sur ps-mleg prem-only]
  ○ C· #psMirror>div.ps-mleg.prem-only>span>i.ppl.ppl-toi            [caché : display:none sur ps-mleg prem-only]
  ○ C· #psMirror>div.ps-mleg.prem-only>span                       « eux envers toi »   [caché : display:none sur ps-mleg prem-only]
  ○ C· #psMirror>div.ps-mleg.prem-only>span>i.ppl.ppl-eux            [caché : display:none sur ps-mleg prem-only]
  ● ·· #psMirror>div.ps-curve>div.ps-clab                         « comment ça évolue »
  ● ·· #psMirror>div.ps-curve>svg                                 
  ● ·· #psMirror>div.ps-leg3>span                                 « en cours »
  ● ·· #psMirror>div.ps-leg3>span                                 « tenues »
  ● ·· #psMirror>div.ps-leg3>span                                 « à tenir »
  ● ·· div.grouplab                                               « Promesses partagées »
  ● ·· #psList>div.b                                              « aucun Promi pour l'instant »
  ● ·· div.enh>#psName                                            « Zoé »
  ● ·T div.enh>div.closeb                                         « ✕ Fermer »

=== cercle · Marion : 55 nœuds, 54 visibles
  ● ·· div.ps-head>div>#psSub                                     « votre harmonie : rayonnante · ta parole : rayonnante »
  ● ·· Mirror>div.ps-mir>div.kr-duo>div.kr-one.kr-toi>canvas.kr-c 
  ● ·· irror>div.ps-mir>div.kr-duo>div.kr-one.kr-toi>span.kr-side « toi »
  ● C· #psMirror>div.ps-mir>div.kr-duo>div.kr-one.kr-eux          
  ● ·· Mirror>div.ps-mir>div.kr-duo>div.kr-one.kr-eux>canvas.kr-c 
  ● ·· irror>div.ps-mir>div.kr-duo>div.kr-one.kr-eux>span.kr-side « Marion »
  ● C· #psMirror>div.ps-mleg.prem-only                            
  ● C· #psMirror>div.ps-mleg.prem-only>span                       « toi envers eux »
  ● C· #psMirror>div.ps-mleg.prem-only>span>i.ppl.ppl-toi         
  ● C· #psMirror>div.ps-mleg.prem-only>span                       « eux envers toi »
  ● C· #psMirror>div.ps-mleg.prem-only>span>i.ppl.ppl-eux         
  ● ·· #psMirror>div.ps-curve>div.ps-clab                         « comment ça évolue »
  ● ·· #psMirror>div.ps-curve>svg                                 
  ● ·· #psMirror>div.ps-leg3>span                                 « en cours »
  ● ·· #psMirror>div.ps-leg3>span                                 « tenues »
  ● ·· #psMirror>div.ps-leg3>span                                 « à tenir »
  ● ·· div.grouplab                                               « Promesses partagées »
  ● ·· #psList>div.b                                              « 3 Promi échangés · 1 reçu · 2 donnés »
  ● ·T #psList>div.row                                            
  ● ·T #psList>div.row>canvas.bul.mini-dalle                      
  ● ·T #psList>div.row>div                                        
  ● ·T #psList>div.row>div>div.a                                  « courir dimanche »
  ● ·T #psList>div.row>div>div.b                                  « à Marion · en cours »
  ● ·T #psList>div.row>div.chev                                   « › »
  ● ·T #psList>div.row                                            
  ● ·T #psList>div.row>canvas.bul.mini-dalle                      
  ● ·T #psList>div.row>div                                        
  ● ·T #psList>div.row>div>div.a                                  « le grand plongeoir »
  ● ·T #psList>div.row>div>div.b                                  « à Marion · tenue »
  ● ·T #psList>div.row>div.chev                                   « › »
  ● ·T #psList>div.row                                            
  ● ·T #psList>div.row>canvas.bul.mini-dalle                      
  ● ·T #psList>div.row>div                                        
  ● ·T #psList>div.row>div>div.a                                  « vider le composteur à deux »
  ● ·T #psList>div.row>div>div.b                                  « de Marion → le groupe · en cours · le potager »
  ● ·T #psList>div.row>div.chev                                   « › »
  ● ·· div.enh>#psName                                            « Marion »
  ● ·T div.enh>div.closeb                                         « ✕ Fermer »

=== cercle · Rachel : 64 nœuds, 63 visibles
  ● ·· div.ps-head>div>#psSub                                     « votre harmonie : naissante · ta parole : installée »
  ● ·· Mirror>div.ps-mir>div.kr-duo>div.kr-one.kr-toi>canvas.kr-c 
  ● ·· irror>div.ps-mir>div.kr-duo>div.kr-one.kr-toi>span.kr-side « toi »
  ● C· #psMirror>div.ps-mir>div.kr-duo>div.kr-one.kr-eux          
  ● ·· Mirror>div.ps-mir>div.kr-duo>div.kr-one.kr-eux>canvas.kr-c 
  ● ·· irror>div.ps-mir>div.kr-duo>div.kr-one.kr-eux>span.kr-side « Rachel »
  ● C· #psMirror>div.ps-mleg.prem-only                            
  ● C· #psMirror>div.ps-mleg.prem-only>span                       « toi envers eux »
  ● C· #psMirror>div.ps-mleg.prem-only>span>i.ppl.ppl-toi         
  ● C· #psMirror>div.ps-mleg.prem-only>span                       « eux envers toi »
  ● C· #psMirror>div.ps-mleg.prem-only>span>i.ppl.ppl-eux         
  ● C· #psMirror>div.ps-eq.prem-only                              
  ● C· #psMirror>div.ps-eq.prem-only>div.eq-track                 
  ● C· #psMirror>div.ps-eq.prem-only>div.eq-track>span.eq-end     « toi »
  ● C· #psMirror>div.ps-eq.prem-only>div.eq-track>span.eq-end>b   « 50% »
  ● C· #psMirror>div.ps-eq.prem-only>div.eq-track>div.eq-line     
  ● C· r>div.ps-eq.prem-only>div.eq-track>div.eq-line>div.eq-mark 
  ● C· #psMirror>div.ps-eq.prem-only>div.eq-track>span.eq-end     « eux »
  ● C· #psMirror>div.ps-eq.prem-only>div.eq-track>span.eq-end>b   « 0% »
  ● C· #psMirror>div.ps-eq.prem-only>div.eq-phrase                « tu portes un peu plus »
  ● ·· #psMirror>div.ps-curve>div.ps-clab                         « comment ça évolue »
  ● ·· #psMirror>div.ps-curve>svg                                 
  ● ·· #psMirror>div.ps-leg3>span                                 « en cours »
  ● ·· #psMirror>div.ps-leg3>span                                 « tenues »
  ● ·· #psMirror>div.ps-leg3>span                                 « à tenir »
  ● ·· div.grouplab                                               « Promesses partagées »
  ● ·· #psList>div.b                                              « 3 Promi échangés · 1 reçu · 2 donnés »
  ● ·T #psList>div.row                                            
  ● ·T #psList>div.row>canvas.bul.mini-dalle                      
  ● ·T #psList>div.row>div                                        
  ● ·T #psList>div.row>div>div.a                                  « faire les crêpes »
  ● ·T #psList>div.row>div>div.b                                  « à Rachel · à tenir »
  ● ·T #psList>div.row>div.chev                                   « › »
  ● ·T #psList>div.row                                            
  ● ·T #psList>div.row>canvas.bul.mini-dalle                      
  ● ·T #psList>div.row>div                                        
  ● ·T #psList>div.row>div>div.a                                  « reprendre l'arrosage automatique »
  ● ·T #psList>div.row>div>div.b                                  « de Rachel → le groupe · à tenir · le potager »
  ● ·T #psList>div.row>div.chev                                   « › »
  ● ·T #psList>div.row                                            
  ● ·T #psList>div.row>canvas.bul.mini-dalle                      
  ● ·T #psList>div.row>div                                        
  ● ·T #psList>div.row>div>div.a                                  « rapporter le livre »
  ● ·T #psList>div.row>div>div.b                                  « à Rachel · tenue »
  ● ·T #psList>div.row>div.chev                                   « › »
  ● ·· div.enh>#psName                                            « Rachel »
  ● ·T div.enh>div.closeb                                         « ✕ Fermer »

=== cercle · moi : 93 nœuds, 92 visibles
  ● ·· div.ps-head>div>#psSub                                     « votre harmonie : rayonnante · ta parole : rayonnante »
  ● ·· #psMirror>div.ps-mir>div.kr-wrap>canvas.kr-c               
  ● ·· #psMirror>div.ps-curve>div.ps-clab                         « comment ça évolue »
  ● ·· #psMirror>div.ps-curve>svg                                 
  ● ·· #psMirror>div.ps-leg3>span                                 « en cours »
  ● ·· #psMirror>div.ps-leg3>span                                 « tenues »
  ● ·· #psMirror>div.ps-leg3>span                                 « à tenir »
  ● ·· div.grouplab                                               « Promesses partagées »
  ● ·· #psList>div.b                                              « 11 Promi échangés · 11 reçus · 5 donnés »
  ● ·T #psList>div.row                                            
  ● ·T #psList>div.row>canvas.bul.mini-dalle                      
  ● ·T #psList>div.row>div                                        
  ● ·T #psList>div.row>div>div.a                                  « planter un arbre »
  ● ·T #psList>div.row>div>div.b                                  « pour toi · tenue »
  ● ·T #psList>div.row>div.chev                                   « › »
  ● ·T #psList>div.row                                            
  ● ·T #psList>div.row>canvas.bul.mini-dalle                      
  ● ·T #psList>div.row>div                                        
  ● ·T #psList>div.row>div>div.a                                  « faire les crêpes »
  ● ·T #psList>div.row>div>div.b                                  « à Rachel · à tenir »
  ● ·T #psList>div.row>div.chev                                   « › »
  ● ·T #psList>div.row                                            
  ● ·T #psList>div.row>canvas.bul.mini-dalle                      
  ● ·T #psList>div.row>div                                        
  ● ·T #psList>div.row>div>div.a                                  « courir dimanche »
  ● ·T #psList>div.row>div>div.b                                  « à Marion · en cours »
  ● ·T #psList>div.row>div.chev                                   « › »
  ● ·T #psList>div.row                                            
  ● ·T #psList>div.row>canvas.bul.mini-dalle                      
  ● ·T #psList>div.row>div                                        
  ● ·T #psList>div.row>div>div.a                                  « nager le mardi »
  ● ·T #psList>div.row>div>div.b                                  « pour toi · en cours »
  ● ·T #psList>div.row>div.chev                                   « › »
  ● ·T #psList>div.row                                            
  ● ·T #psList>div.row>canvas.bul.mini-dalle                      
  ● ·T #psList>div.row>div                                        
  ● ·T #psList>div.row>div>div.a                                  « le grand plongeoir »
  ● ·T #psList>div.row>div>div.b                                  « à Marion · tenue »
  ● ·T #psList>div.row>div.chev                                   « › »
  ● ·T #psList>div.row                                            
  ● ·T #psList>div.row>canvas.bul.mini-dalle                      
  ● ·T #psList>div.row>div                                        
  ● ·T #psList>div.row>div>div.a                                  « monter la serre avant les gelées »
  ● ·T #psList>div.row>div>div.b                                  « à le groupe · tenue · le potager »
  ● ·T #psList>div.row>div.chev                                   « › »
  ● ·T #psList>div.row                                            
  ● ·T #psList>div.row>canvas.bul.mini-dalle                      
  ● ·T #psList>div.row>div                                        
  ● ·T #psList>div.row>div>div.a                                  « arroser tous les soirs »
  ● ·T #psList>div.row>div>div.b                                  « à le groupe · tenue · le potager »
  ● ·T #psList>div.row>div.chev                                   « › »
  ● ·T #psList>div.row                                            
  ● ·T #psList>div.row>canvas.bul.mini-dalle                      
  ● ·T #psList>div.row>div                                        
  ● ·T #psList>div.row>div>div.a                                  « arroser les tomates »
  ● ·T #psList>div.row>div>div.b                                  « pour toi · en cours · le potager »
  ● ·T #psList>div.row>div.chev                                   « › »
  ● ·T #psList>div.row                                            
  ● ·T #psList>div.row>canvas.bul.mini-dalle                      
  ● ·T #psList>div.row>div                                        
  ● ·T #psList>div.row>div>div.a                                  « tailler la vigne »
  ● ·T #psList>div.row>div>div.b                                  « pour toi · en cours · le potager »
  ● ·T #psList>div.row>div.chev                                   « › »
  ● ·T #psList>div.row                                            
  ● ·T #psList>div.row>canvas.bul.mini-dalle                      
  ● ·T #psList>div.row>div                                        
  ● ·T #psList>div.row>div>div.a                                  « ramasser les courges »
  ● ·T #psList>div.row>div>div.b                                  « pour toi · en cours · le potager »
  ● ·T #psList>div.row>div.chev                                   « › »
  ● ·T #psList>div.row                                            
  ● ·T #psList>div.row>canvas.bul.mini-dalle                      
  ● ·T #psList>div.row>div                                        
  ● ·T #psList>div.row>div>div.a                                  « rapporter le livre »
  ● ·T #psList>div.row>div>div.b                                  « à Rachel · tenue »
  ● ·T #psList>div.row>div.chev                                   « › »
  ● ·· div.enh>#psName                                            « moi »
  ● ·T div.enh>div.closeb                                         « ✕ Fermer »

=== cercle · Zoé : 37 nœuds, 36 visibles
  ● ·· div.ps-head>div>#psSub                                     « votre harmonie : à tisser »
  ● ·· Mirror>div.ps-mir>div.kr-duo>div.kr-one.kr-toi>canvas.kr-c 
  ● ·· irror>div.ps-mir>div.kr-duo>div.kr-one.kr-toi>span.kr-side « toi »
  ● C· #psMirror>div.ps-mir>div.kr-duo>div.kr-one.kr-eux          
  ● ·· Mirror>div.ps-mir>div.kr-duo>div.kr-one.kr-eux>canvas.kr-c 
  ● ·· irror>div.ps-mir>div.kr-duo>div.kr-one.kr-eux>span.kr-side « Zoé »
  ● C· #psMirror>div.ps-mleg.prem-only                            
  ● C· #psMirror>div.ps-mleg.prem-only>span                       « toi envers eux »
  ● C· #psMirror>div.ps-mleg.prem-only>span>i.ppl.ppl-toi         
  ● C· #psMirror>div.ps-mleg.prem-only>span                       « eux envers toi »
  ● C· #psMirror>div.ps-mleg.prem-only>span>i.ppl.ppl-eux         
  ● ·· #psMirror>div.ps-curve>div.ps-clab                         « comment ça évolue »
  ● ·· #psMirror>div.ps-curve>svg                                 
  ● ·· #psMirror>div.ps-leg3>span                                 « en cours »
  ● ·· #psMirror>div.ps-leg3>span                                 « tenues »
  ● ·· #psMirror>div.ps-leg3>span                                 « à tenir »
  ● ·· div.grouplab                                               « Promesses partagées »
  ● ·· #psList>div.b                                              « aucun Promi pour l'instant »
  ● ·· div.enh>#psName                                            « Zoé »
  ● ·T div.enh>div.closeb                                         « ✕ Fermer »
