
dark 0 · « Rien de ce qui est ici n’a été dit à la légère. » · 2 ligne(s)
   sphère → phrase                      50.3 pt
   PHRASE → DISQUES                     27.1 pt
   prénoms → légende                    28.0 pt
   légende → « ce que tu as tenu »      28.0 pt
   LIBELLÉS DES DALLES → BOUTON         28.5 pt
   bouton → bas de l'écran            -130.4 pt
   encre (pt, haut → bas) : 407.5–425.5 430.5–448.5 477–555 568.5–579.5 614–624.5 659–670.5 693–757 768.5–780.5 797–844

dark 1 · « Tout ça, tu l’as dit. Et tu l’as fait. » · 1 ligne(s)
   sphère → phrase                      50.3 pt
   PHRASE → DISQUES                     27.7 pt
   prénoms → légende                    28.0 pt
   légende → « ce que tu as tenu »      28.0 pt
   LIBELLÉS DES DALLES → BOUTON         28.5 pt
   bouton → bas de l'écran            -107.4 pt
   encre (pt, haut → bas) : 407.5–426.5 454–532 545.5–556.5 591–601.5 636–647.5 670–734 745.5–757.5 774–838

dark 2 · « On ne dirait pas comme ça, mais c’est du solide. » · 2 ligne(s)
   sphère → phrase                      50.3 pt
   PHRASE → DISQUES                     27.1 pt
   prénoms → légende                    28.0 pt
   légende → « ce que tu as tenu »      28.0 pt
   LIBELLÉS DES DALLES → BOUTON         28.5 pt
   bouton → bas de l'écran            -130.4 pt
   encre (pt, haut → bas) : 407.5–426.5 431–445.5 477–555 568.5–579.5 614–624.5 659–670.5 693–757 768.5–780.5 797–844

dark 3 · « Il y en a, des paroles tenues. » · 1 ligne(s)
   sphère → phrase                      50.3 pt
   PHRASE → DISQUES                     27.7 pt
   prénoms → légende                    28.0 pt
   légende → « ce que tu as tenu »      28.0 pt
   LIBELLÉS DES DALLES → BOUTON         28.5 pt
   bouton → bas de l'écran            -107.4 pt
   encre (pt, haut → bas) : 408.5–425.5 454–532 545.5–556.5 591–601.5 636–647.5 670–734 745.5–757.5 774–838

dark 4 · « Et dire que tout ça, c’est toi. » · 1 ligne(s)
   sphère → phrase                      50.3 pt
   PHRASE → DISQUES                     27.7 pt
   prénoms → légende                    28.0 pt
   légende → « ce que tu as tenu »      28.0 pt
   LIBELLÉS DES DALLES → BOUTON         28.5 pt
   bouton → bas de l'écran            -107.4 pt
   encre (pt, haut → bas) : 407.5–426.5 454–532 545.5–556.5 591–601.5 636–647.5 670–734 745.5–757.5 774–838

dark vide
   sphère → invitation                  50.3 pt
   invitation → bouton                 268.0 pt
   bouton → bas de l'écran              22.0 pt
   encre (pt, haut → bas) : 409–427.5 436.5–451.5 476.5–490.5 762–822

light 0 · « Rien de ce qui est ici n’a été dit à la légère. » · 2 ligne(s)
   sphère → phrase                      50.3 pt
   PHRASE → DISQUES                     27.1 pt
   prénoms → légende                    28.0 pt
   légende → « ce que tu as tenu »      28.0 pt
   LIBELLÉS DES DALLES → BOUTON         28.5 pt
   bouton → bas de l'écran            -130.4 pt
   encre (pt, haut → bas) : 407.5–425.5 430.5–448.5 477–555 568.5–579.5 614–624.5 659–670.5 693–757 768.5–780.5 797–844

light 1 · « Tout ça, tu l’as dit. Et tu l’as fait. » · 1 ligne(s)
   sphère → phrase                      50.3 pt
   PHRASE → DISQUES                     27.7 pt
   prénoms → légende                    28.0 pt
   légende → « ce que tu as tenu »      28.0 pt
   LIBELLÉS DES DALLES → BOUTON         28.5 pt
   bouton → bas de l'écran            -107.4 pt
   encre (pt, haut → bas) : 407.5–426.5 454–532 545.5–556.5 591–601.5 636–647.5 670–734 745.5–757.5 774–838

light 2 · « On ne dirait pas comme ça, mais c’est du solide. » · 2 ligne(s)
   sphère → phrase                      50.3 pt
   PHRASE → DISQUES                     27.1 pt
   prénoms → légende                    28.0 pt
   légende → « ce que tu as tenu »      28.0 pt
   LIBELLÉS DES DALLES → BOUTON         28.5 pt
   bouton → bas de l'écran            -130.4 pt
   encre (pt, haut → bas) : 407.5–426.5 431–445.5 477–555 568.5–579.5 614–624.5 659–670.5 693–757 768.5–780.5 797–844

light 3 · « Il y en a, des paroles tenues. » · 1 ligne(s)
   sphère → phrase                      50.3 pt
   PHRASE → DISQUES                     27.7 pt
   prénoms → légende                    28.0 pt
   légende → « ce que tu as tenu »      28.0 pt
   LIBELLÉS DES DALLES → BOUTON         28.5 pt
   bouton → bas de l'écran            -107.4 pt
   encre (pt, haut → bas) : 408.5–425.5 454–532 545.5–556.5 591–601.5 636–647.5 670–734 745.5–757.5 774–838

light 4 · « Et dire que tout ça, c’est toi. » · 1 ligne(s)
   sphère → phrase                      50.3 pt
   PHRASE → DISQUES                     27.7 pt
   prénoms → légende                    28.0 pt
   légende → « ce que tu as tenu »      28.0 pt
   LIBELLÉS DES DALLES → BOUTON         28.5 pt
   bouton → bas de l'écran            -107.4 pt
   encre (pt, haut → bas) : 407.5–426.5 454–532 545.5–556.5 591–601.5 636–647.5 670–734 745.5–757.5 774–838

light vide
   sphère → invitation                  50.3 pt
   invitation → bouton                 268.0 pt
   bouton → bas de l'écran              22.0 pt
   encre (pt, haut → bas) : 409–427.5 436.5–451.5 476.5–490.5 762–822
