
═══ L'AURA — l'Orbite dans l'app, deux thèmes ═══

écarts de position > 3 px    2
    [sombre] le bouton (24, 810.4, 342, 60) au lieu de (24, 844.0, 342, 60)
    [clair] le bouton (24, 810.4, 342, 60) au lieu de (24, 844.0, 342, 60)
écarts de style              0
collisions                   0
débordements                 0
présence peinte              0
données                      0
les huit acquis              0
densité                      0
air de la colonne            10
    [sombre] « Rien de ce qui est ici n’a é » : le bouton est COUPÉ par le bas de l'écran à l'ouverture — 33.6 pt visibles sur 60
    [sombre] « Tout ça, tu l’as dit. Et tu  » : le bouton est COUPÉ par le bas de l'écran à l'ouverture — 56.6 pt visibles sur 60
    [sombre] « On ne dirait pas comme ça, m » : le bouton est COUPÉ par le bas de l'écran à l'ouverture — 33.6 pt visibles sur 60
    [sombre] « Il y en a, des paroles tenue » : le bouton est COUPÉ par le bas de l'écran à l'ouverture — 56.6 pt visibles sur 60
    [sombre] « Et dire que tout ça, c’est t » : le bouton est COUPÉ par le bas de l'écran à l'ouverture — 56.6 pt visibles sur 60
    [clair] « Rien de ce qui est ici n’a é » : le bouton est COUPÉ par le bas de l'écran à l'ouverture — 33.6 pt visibles sur 60
    [clair] « Tout ça, tu l’as dit. Et tu  » : le bouton est COUPÉ par le bas de l'écran à l'ouverture — 56.6 pt visibles sur 60
    [clair] « On ne dirait pas comme ça, m » : le bouton est COUPÉ par le bas de l'écran à l'ouverture — 33.6 pt visibles sur 60
    [clair] « Il y en a, des paroles tenue » : le bouton est COUPÉ par le bas de l'écran à l'ouverture — 56.6 pt visibles sur 60
    [clair] « Et dire que tout ça, c’est t » : le bouton est COUPÉ par le bas de l'écran à l'ouverture — 56.6 pt visibles sur 60

LES VALEURS MESURÉES — acquis joués en thème sombre
   air [sombre]         phrase → disques : 2 l. 27.1 · 1 l. 27.7 · 2 l. 27.1 · 1 l. 27.7 · 1 l. 27.7 · à l'encre 2 l. 29.0 · 1 l. 28.0 · libellés → bouton 27.8 · la colonne défile de 25 pt
   air [clair]          phrase → disques : 2 l. 27.1 · 1 l. 27.7 · 2 l. 27.1 · 1 l. 27.7 · 1 l. 27.7 · à l'encre 2 l. 29.0 · 1 l. 28.0 · libellés → bouton 27.8 · la colonne défile de 25 pt
   1 · rotation lente   0.0528 rad/s sur 2 s (décidé 0.0524, un tour en 2 min)
   2 · prise, droite    Δlac +0.810 (attendu +0.808) · Δtan +0.000 (attendu +0.000)
   2 · prise, bas       Δlac +0.003 (attendu +0.000) · Δtan -0.538 (attendu -0.538)
   2 · prise, diagonale Δlac -0.604 (attendu -0.606) · Δtan +0.404 (attendu +0.404)
   3 · élan             au lâcher 9.34 rad/s · éteint à 5.2 s · puis 0.0506 rad/s · écart max à la loi 0.0000 rad/s · plus longue image pendant l'élan : 50 ms (dont peintre 13.8 ms), 0 image(s) non échantillonnée(s)
   4 · retour           écart au repos (niveaux) : 40.3 → 35.7 → 30.4 → 22.0 → 10.9 → 0.5 → lisse · DERNIER PAS 0.50 niveau (médiane des 10 d'avant 1.04) · 131 images · empreinte retirée à 3.27 s
   4 · toucher          p 1.000 à 250 ms, 1.000 à 950 ms · sous le doigt 98.2 % des pixels changent, hors de portée 1.84 %, bruit 0.00 % · revenu ≈ 3.3 s après le lâcher, écart au repos 0.00 %
   5 · trace            en attente au lâcher : 1 · 0 → 1 caresse(s), gardée(s) : 1 · au repos, 11.0 % des pixels portent la caresse
   7 · relisse          deux touchers à 120 ms : 0 caresse restante · écart à l'objet neuf 0.000 % des pixels
   6 · comblement       le creux vit 3.57 s lâché sur place, 0.46 s lancé (13 %)
   8 · personne         toucher sur « Marion » → ouvre « Marion », fiche affichée · glissement de 30 pt sur la rangée → n'ouvre rien · glissement de 80 pt sur la sphère → Δlac 1.12 rad, personne d'ouvert
   croissance           une parole de plus → tour 5 · la dernière dalle finit face à toi, z = 0.925

palier 110000 · médiane 13.8 ms · 1957 images · plus longue image pendant l'élan : 50 ms (dont peintre 13.8 ms), 0 image(s) non échantillonnée(s) · sous ×6 : palier peint 110000 pendant qu'on regarde, vise 75000, 1 décision(s) · à la réouverture : palier 75000

❌  12 ÉCARTS
