
═══ L'AURA — l'Orbite dans l'app, deux thèmes ═══

écarts de position > 3 px    0
écarts de style              0
collisions                   0
débordements                 0
présence peinte              0
données                      0
les huit acquis              0
densité                      2
    sous ×6, le palier a changé SOUS LES YEUX : [110000, 90000] — tous les poils changent de place d'un coup
    sous ×6, aucune vise plus basse n'est gardée (vise None)

LES VALEURS MESURÉES — acquis joués en thème sombre
   1 · rotation lente   0.0528 rad/s sur 2 s (décidé 0.0524, un tour en 2 min)
   2 · prise, droite    Δlac +0.809 (attendu +0.808) · Δtan +0.000 (attendu +0.000)
   2 · prise, bas       Δlac +0.003 (attendu +0.000) · Δtan -0.538 (attendu -0.538)
   2 · prise, diagonale Δlac -0.603 (attendu -0.606) · Δtan +0.404 (attendu +0.404)
   3 · élan             au lâcher 9.75 rad/s · éteint à 5.2 s · puis 0.0524 rad/s · écart max à la loi 0.0000 rad/s · plus longue image pendant l'élan : 50 ms (dont peintre 15.0 ms), 0 image(s) non échantillonnée(s)
   4 · retour           écart au repos (niveaux) : 40.0 → 35.4 → 30.2 → 22.2 → 8.8 → 0.4 → lisse · DERNIER PAS 0.37 niveau (médiane des 10 d'avant 0.84) · 125 images · empreinte retirée à 3.31 s
   4 · toucher          p 1.000 à 250 ms, 1.000 à 950 ms · sous le doigt 98.5 % des pixels changent, hors de portée 1.48 %, bruit 0.00 % · revenu ≈ 3.3 s après le lâcher, écart au repos 0.00 %
   5 · trace            en attente au lâcher : 1 · 0 → 1 caresse(s), gardée(s) : 1 · au repos, 11.4 % des pixels portent la caresse
   7 · relisse          deux touchers à 120 ms : 0 caresse restante · écart à l'objet neuf 0.000 % des pixels
   6 · comblement       le creux vit 3.56 s lâché sur place, 0.52 s lancé (15 %)
   8 · personne         toucher sur « Marion » → ouvre « Marion », fiche affichée · glissement de 30 pt sur la rangée → n'ouvre rien · glissement de 80 pt sur la sphère → Δlac 1.14 rad, personne d'ouvert
   croissance           une parole de plus → tour 5 · la dernière dalle finit face à toi, z = 0.950

palier 110000 · médiane 13.7 ms · 1761 images · plus longue image pendant l'élan : 50 ms (dont peintre 15.0 ms), 0 image(s) non échantillonnée(s) · sous ×6 : palier peint 110000/90000 pendant qu'on regarde, vise None, 1 décision(s) · à la réouverture : palier 90000

❌  2 ÉCARTS
