    0s  redteam_registre.py        6 / 6 / chantiers non validés : 63
    0s  redteam_tokens.py            ✓ l'extension Swift porte le niveau « libelle » / 46/46
    0s  redteam_volume.py          dette de naissance : 290 · retrouvée : 290 · soldée depuis : 0 / ✅ AUCUN VOLUME HORS DE LA PELOTE
  111s  redteam_palettes.py          ✅ [light] aucune erreur de page / redteam_palettes : 32/32
  212s  redteam_toucher.py           ✅ aucune erreur de page / redteam_toucher : 21/21
   78s  redteam_decisions.py       Peaufiner [dark] « Supprimer ce Promi »      décidé #F7F0DE  rendu #F7F0DE  OK   (v132 (C-053) : jamais l'orange d'état) / 85 / 85
  233s  redteam_maparole.py        [dark] aucune erreur de page                                                     OK   / 14 / 14
  129s  redteam_murs.py              ✅ 8 · Cercle payé : rien de flouté, rien ne monte  — phrase False · offre False · filtre none / 28/28
   63s  redteam_entier.py            ✅ [light] 5 · aucune erreur de page / redteam_entier : 36/36
   56s  redteam_photo_menu.py      20/20 / ✅ le bouton photo propose ses deux choix, et la dalle d'origine se tient partout
   59s  redteam_tonsurton.py       l'instant · apres    [light]                         OK  ΔE 87.2  Δlum 31    / 26/26
  178s  redteam_filets.py          page+ cercle   [light]  filet non    OK / filet du trait : 14/14
  211s  redteam_flash_etat.py      aucune erreur de page                                                      OK   / 10 / 10
   88s  redteam_reactif.py           ✅ aucune erreur de page / redteam_reactif : 31/31
   41s  redteam_studio_geste.py      6 · en DIAGONALE d'abord : relâcher fixe le résultat         OK   candide · 78° · 9.1 niveaux / 22/22
   74s  redteam_apercus.py           ✅ E le fond d'un aperçu est celui de la vraie Toile [light]  (sombre #050302 · clair #F1ECD9) / ✅  10/10
  152s  redteam_joignable.py       aucun gestionnaire en attribut on…=""                      OK  0 / 5 / 5
  109s  redteam_ecrans.py          aucune erreur JS [clair]                       OK   / 152/152
50070s  redteam_vide.py            aucune erreur JS                               OK   / 61/61
  116s  redteam_flash.py             ✅ C2 · planter nuee : la page + coupe et ne se remontre pas (fermée à 1880 ms) / 32/32
  114s  redteam_dessin.py            ✅ aucune erreur de page (Cercle, page +) / redteam_dessin : 79/79
  723s  redteam_couleurs_ref.py    canevas non peints d'un côté (comptés, non jugés) : 1 — Nuée défilée[l] vide côté app / ❌ — 18 écart(s) de couleur avec la référence v118
