essai 0 fini
essai 1 mosaique Index 1.6 venir dimanche · 89×76 · monde peint mosaique · {"rampe":{"cols":[[2,33,64],[130,174,248],[221,233,253]],"ha
essai 1 fini
essai 2 fini
essai 3 fini
essai 4 mosaique Index 0.85 venir dimanche · 157×134 · monde peint mosaique · {"rampe":{"cols":[[2,33,64],[130,174,248],[221,233,253]],"ha
essai 4 fini
essai 5 fini
essai 6 fini
essai 7 fini
essai 8 pixel Fil 0.96 faire les crêpes · 232×126 · monde peint pixel · {"rampe":{"cols":[[2,33,64],[130,174,248],[221,233,253]],"ha
essai 8 fini
essai 9 fini
essai 10 pixel Index 0.37 venir dimanche · 155×135 · monde peint pixel · {"rampe":{"cols":[[2,33,64],[130,174,248],[221,233,253]],"ha
essai 10 fini
essai 11 fini
essai 12 fini
essai 13 fini
essai 14 pixel Index 0.33 planter un arbre · 121×159 · monde peint pixel · {"rampe":{"cols":[[2,33,64],[130,174,248],[221,233,253]],"ha
essai 14 fini
essai 15 fini
essai 16 fini
essai 17 mosaique Index 1.57 venir dimanche · 89×76 · monde peint mosaique · {"rampe":{"cols":[[2,33,64],[130,174,248],[221,233,253]],"ha
essai 17 fini
essai 18 fini
essai 19 fini
essai 20 fini
essai 21 fini
essai 22 pixel Index 0.99 rapporter la perceuse · 51×116 · monde peint pixel · {"rampe":{"cols":[[2,33,64],[130,174,248],[221,233,253]],"ha
essai 22 fini
essai 23 fini
essai 24 mosaique Index 3.11 venir dimanche · 89×76 · monde peint mosaique · {"rampe":{"cols":[[2,33,64],[130,174,248],[221,233,253]],"ha
essai 24 fini
essai 25 fini
essai 26 mosaique Index 1.77 venir dimanche · 158×135 · monde peint mosaique · {"rampe":{"cols":[[2,33,64],[130,174,248],[221,233,253]],"ha
essai 26 fini
essai 27 fini
essai 28 mosaique Index 3.06 rapporter la perceuse · 77×116 · monde peint mosaique · {"rampe":{"cols":[[2,33,64],[130,174,248],[221,233,253]],"ha
essai 28 fini
essai 29 fini
essai 30 pixel Index 0.73 courir dimanche · 81×67 · monde peint pixel · {"rampe":{"cols":[[58,15,51],[168,69,126],[255,184,210],[255
essai 30 mosaique Index 11.13 t'apprendre à nager · 75×119 · monde peint mosaique · {"rampe":{"cols":[[2,33,64],[130,174,248],[221,233,253]],"ha
essai 30 mosaique Fil 1.39 courir dimanche · 214×166 · monde peint mosaique · {"rampe":{"cols":[[58,15,51],[168,69,126],[255,184,210],[255
essai 30 fini
essai 31 fini
essai 32 fini
essai 33 mosaique Index 3.11 venir dimanche · 89×76 · monde peint mosaique · {"rampe":{"cols":[[2,33,64],[130,174,248],[221,233,253]],"ha
essai 33 fini
essai 34 pixel Index 0.31 venir dimanche · 155×135 · monde peint pixel · {"rampe":{"cols":[[2,33,64],[130,174,248],[221,233,253]],"ha
essai 34 mosaique Index 1.6 venir dimanche · 89×76 · monde peint mosaique · {"rampe":{"cols":[[2,33,64],[130,174,248],[221,233,253]],"ha
essai 34 fini
essai 35 fini
essai 36 fini
essai 37 fini
essai 38 fini
essai 39 fini
essai 40 pixel Fil 8.17 courir dimanche · 161×149 · monde peint pixel · {"rampe":{"cols":[[58,15,51],[168,69,126],[255,184,210],[255
essai 40 fini
essai 41 fini
essai 42 fini
essai 43 fini
essai 44 fini
essai 45 pixel Index 4.02 t'apprendre à nager · 49×77 · monde peint pixel · {"rampe":{"cols":[[2,33,64],[130,174,248],[221,233,253]],"ha
essai 45 fini
essai 46 fini
essai 47 fini
essai 48 fini
essai 49 fini
