
══ thème dark ══
fiche · encours   [dark]                             OK  Δ92   
fiche · atenir    [dark]                             OK  Δ51   
fiche · tenue     [dark]                             OK  Δ94   
fiche · chiche    [dark]                             OK  Δ120  
page + · Promi    [dark]                             KO  None sur None
page + · Chiche   [dark]                             OK  Δ120  
page + · Nuée     [dark]                             OK  Δ76   
carte d'Index · mesurable [dark]                     OK  Δ42   
carte d'Index · le pire des 8 [dark]                 OK  Δ51   
bandeau du Fil · le pire [dark]                      KO  Δ39   TON SUR TON  
l'instant · arrive   [dark]                          OK  Δ51   
l'instant · referme  [dark]                          OK  Δ162  
l'instant · apres    [dark]                          OK  Δ94   

══ thème light ══
fiche · encours   [light]                            OK  Δ92   
fiche · atenir    [light]                            OK  Δ51   
fiche · tenue     [light]                            OK  Δ94   
fiche · chiche    [light]                            OK  Δ120  
page + · Promi    [light]                            OK  Δ92   
page + · Chiche   [light]                            OK  Δ120  
page + · Nuée     [light]                            OK  Δ106  
carte d'Index · mesurable [light]                    OK  Δ42   
carte d'Index · le pire des 8 [light]                OK  Δ51   
bandeau du Fil · le pire [light]                     KO  Δ39   TON SUR TON  
l'instant · arrive   [light]                         OK  Δ51   
l'instant · referme  [light]                         OK  Δ162  
l'instant · apres    [light]                         OK  Δ94   

23/26

TRAITS SOUS LE SEUIL DE 42 :
   · page + · Promi    [dark]
   · bandeau du Fil · le pire [dark]
   · bandeau du Fil · le pire [light]
